--------- beginning of main
01-12 10:42:32.464  2991  3023 D InitAlarmsService: Clearing and rescheduling alarms.
01-12 10:42:38.527   692  1822 I AudioPolicyManagerCustom: FLAG None hence request for a primary output
01-12 10:42:38.529   692  1821 I AudioPolicyManagerCustom: FLAG None hence request for a primary output
01-12 10:42:38.530  3419  3419 E WVMExtractor: Failed to open libwvm.so: dlopen failed: library "libwvm.so" not found
01-12 10:42:38.532   692  1318 D audio_hw_primary: out_set_parameters: enter: usecase(1: low-latency-playback) kvpairs: routing=2
01-12 10:42:38.532   692  1318 D audio_hw_extn: audio_extn_set_anc_parameters: anc_enabled:0
01-12 10:42:38.532   692  1318 D audio_hw_spkr_prot: audio_extn_fbsp_set_parameters: Speaker protection disabled
01-12 10:42:38.534   692  1318 D audio_hw_primary: start_output_stream: enter: stream(0xef4f8400)usecase(1: low-latency-playback) devices(0x2)
01-12 10:42:38.535   692  1318 D audio_hw_primary: select_devices for use case (low-latency-playback)
01-12 10:42:38.535   692  1318 D audio_hw_primary: select_devices: out_snd_device(2: speaker) in_snd_device(0: )
01-12 10:42:38.535   452  2595 E ANDR-PERF-RESOURCEQS: Failed to apply optimization [4, 0]
01-12 10:42:38.535   692  1318 I msm8974_platform: platform_check_and_set_codec_backend_cfg:becf: afe: bitwidth 16, samplerate 48000 channels 2, backend_idx 0 usecase = 1 device (speaker)
01-12 10:42:38.535   692  1318 D msm8974_platform: platform_can_split_snd_device: snd_device(2) num devices(1) new_snd_devices(0)
01-12 10:42:38.535   692  1318 I msm8974_platform: platform_check_and_set_codec_backend_cfg: new_snd_devices[0] is 2
01-12 10:42:38.535   692  1318 I msm8974_platform: platform_check_codec_backend_cfg:becf: afe: bitwidth 16, samplerate 48000 channels 2, backend_idx 0 usecase = 1 device (speaker)
01-12 10:42:38.535   692  1318 D msm8974_platform: platform_check_codec_backend_cfg:becf: afe: playback on non-44.1-support device Configure afe to default Sample Rate(48k)
01-12 10:42:38.535   692  1318 I msm8974_platform: platform_check_codec_backend_cfg:becf: afe: Codec selected backend: 0 updated bit width: 16 and sample rate: 48000
01-12 10:42:38.535   692  1318 D audio_hw_primary: check_usecases_codec_backend:becf: force routing 0
01-12 10:42:38.535   692  1318 E msm8974_platform: platform_check_backends_match: Invalid snd_device = 
01-12 10:42:38.535   692  1318 D audio_hw_primary: check_usecases_codec_backend:becf: (40) check_usecases curr device: speaker, usecase device: backends match 0
01-12 10:42:38.535   692  1318 D audio_hw_primary: check_usecases_codec_backend:becf: check_usecases num.of Usecases to switch 0
01-12 10:42:38.536   692  1318 D hardware_info: hw_info_append_hw_type : device_name = speaker
01-12 10:42:38.536   692  1318 D msm8974_platform: platform_can_split_snd_device: snd_device(2) num devices(0) new_snd_devices(0)
01-12 10:42:38.536   692  1318 D audio_hw_primary: enable_snd_device: snd_device(2: speaker)
01-12 10:42:38.536   692  1318 I soundtrigger: audio_extn_sound_trigger_update_device_status: device 0x2 of type 0 for Event 1, with Raise=0
01-12 10:42:38.536   692  1318 D aud_dev_arbi: acquireOneDevice: device owner for device 2 is 1
01-12 10:42:38.536   692  1318 I audio_hw_primary: select_devices Selected apptype: 69937
01-12 10:42:38.536   692  1318 D soundtrigger: audio_extn_sound_trigger_update_stream_status: uc_id 1 of type 0 for Event 3, with Raise=0
01-12 10:42:38.536   692  1318 I audio_hw_utils: audio_extn_utils_send_app_type_cfg PLAYBACK app_type 69937, acdb_dev_id 14, sample_rate 48000
01-12 10:42:38.537   692  1318 I audio_hw_utils: audio_extn_utils_send_app_type_cfg:becf: adm: app_type 69936, acdb_dev_id 14, sample_rate 48000
01-12 10:42:38.537   692  1318 D msm8974_platform: platform_can_split_snd_device: snd_device(2) num devices(1) new_snd_devices(-290004703)
01-12 10:42:38.537   692  1318 D ACDB-LOADER: ACDB -> send_audio_cal, acdb_id = 14, path = 0, app id = 0x11131, sample rate = 48000
01-12 10:42:38.537   692  1318 D ACDB-LOADER: ACDB -> send_asm_topology
01-12 10:42:38.537   692  1318 D ACDB-LOADER: ACDB -> ACDB_CMD_GET_AUDPROC_STREAM_TOPOLOGY_ID
01-12 10:42:38.537   692  1318 D ACDB-LOADER: ACDB -> send_adm_topology
01-12 10:42:38.538   692  1318 D ACDB-LOADER: ACDB -> ACDB_CMD_GET_AUDPROC_COMMON_TOPOLOGY_ID
01-12 10:42:38.538   692  1318 D ACDB-LOADER: ACDB -> send_audtable
01-12 10:42:38.538   692  1318 D ACDB-LOADER: ACDB -> ACDB_CMD_GET_AUDPROC_COMMON_TABLE_SIZE
01-12 10:42:38.538   692  1318 D ACDB-LOADER: ACDB -> ACDB_CMD_GET_AUDPROC_COMMON_TABLE
01-12 10:42:38.538   692  1318 D ACDB-LOADER: ACDB -> AUDIO_SET_AUDPROC_CAL
01-12 10:42:38.538   692  1318 D ACDB-LOADER: ACDB -> send_audvoltable
01-12 10:42:38.538   692  1318 D ACDB-LOADER: ACDB -> ACDB_CMD_GET_AUDPROC_GAIN_DEP_STEP_TABLE, vol index 0
01-12 10:42:38.538   692  1318 D ACDB-LOADER: ACDB -> AUDIO_SET_VOL_CAL cal type = 12
01-12 10:42:38.538   692  1318 D ACDB-LOADER: ACDB -> send_audstrmtable
01-12 10:42:38.538   692  1318 D ACDB-LOADER: ACDB -> ACDB_CMD_GET_AUDPROC_STREAM_TABLE_V2
01-12 10:42:38.538   692  1318 D ACDB-LOADER: ACDB -> audstrm_cal->cal_type.cal_data.cal_size = 16
01-12 10:42:38.538   692  1318 D ACDB-LOADER: ACDB -> send_afe_topology
01-12 10:42:38.538   692  1318 D ACDB-LOADER: ACDB -> ACDB_CMD_GET_AFE_TOPOLOGY_ID
01-12 10:42:38.538   692  1318 D ACDB-LOADER: ACDB -> GET_AFE_TOPOLOGY_ID for adcd_id 14, Topology Id 112fc
01-12 10:42:38.538   692  1318 D ACDB-LOADER: ACDB -> send_afe_cal
01-12 10:42:38.538   692  1318 D ACDB-LOADER: ACDB -> ACDB_CMD_GET_AFE_COMMON_TABLE
01-12 10:42:38.538   692  1318 D         : Failed to fetch the lookup information of the device 0000000E 
01-12 10:42:38.538   692  1318 E ACDB-LOADER: Error: ACDB AFE returned = -19
01-12 10:42:38.538   692  1318 D ACDB-LOADER: ACDB -> AUDIO_SET_AFE_CAL
01-12 10:42:38.538   692  1318 D ACDB-LOADER: ACDB -> send_hw_delay : acdb_id = 14 path = 0
01-12 10:42:38.538   692  1318 D ACDB-LOADER: ACDB -> ACDB_AVSYNC_INFO: ACDB_CMD_GET_DEVICE_PROPERTY
01-12 10:42:38.538   692  1318 D audio_hw_primary: enable_audio_route: apply mixer and update path: low-latency-playback smartpa
01-12 10:42:38.541   692  1318 D audio_hw_primary: select_devices: done
01-12 10:42:38.554   703  1925 V MPEG4Extractor: saw chunk type ftyp, size 32 @ 0
01-12 10:42:38.554   703  1925 V MPEG4Extractor: saw chunk type free, size 8 @ 32
01-12 10:42:38.554   703  1925 V MPEG4Extractor: saw chunk type mdat, size 12647900 @ 40
01-12 10:42:38.572   692  1318 D msm8974_platform: platform_set_channel_map mixer_ctl_name:Playback Channel Map15
01-12 10:42:38.572   692  1318 D msm8974_platform: platform_set_channel_map: set mapping(1 2 0 0 0 0 0 0) for channel:2
01-12 10:42:38.577   703  1925 I ExtendedExtractor: QTIParser is prefered
01-12 10:42:38.577   703  1925 I ExtendedExtractor: ExtendedExtractor::create 0xeb587280
01-12 10:42:38.601   692  1318 D audio_hw_primary: start_output_stream: exit
01-12 10:42:38.602  3419  3419 W VideoCapabilities: Unrecognized profile 2130706433 for video/avc
01-12 10:42:38.602  3419  3419 W VideoCapabilities: Unrecognized profile 2130706434 for video/avc
01-12 10:42:38.615  3419  3419 V ACodec  : Now uninitialized
01-12 10:42:38.616  3419  3870 V ACodec  : onAllocateComponent
01-12 10:42:38.617   706   706 I MediaPlayerService: MediaPlayerService::getOMX
01-12 10:42:38.619  3419  3870 I OMXClient: MuxOMX ctor
01-12 10:42:38.620   701  2337 I OMXMaster: makeComponentInstance(OMX.qcom.video.decoder.avc) in mediacodec process
01-12 10:42:38.628   701  2337 E         : Service not available yet
01-12 10:42:38.632   701  2337 I OMX-VDEC-1080P: Video slvp perflock acquired
01-12 10:42:38.633   701  2337 I OMX-VDEC-1080P: component_init: OMX.qcom.video.decoder.avc : fd=9
01-12 10:42:38.652   701  2337 I OMX-VDEC-1080P: omx_vdec::component_init() success : fd=9
01-12 10:42:38.652  3419  3870 V OMXClient: allocated node_id 2bd003a on codecprocess OMX
01-12 10:42:38.652  3419  3870 V ACodec  : [OMX.qcom.video.decoder.avc] Now Loaded
01-12 10:42:38.655  3419  3419 I @@@@    : using codec: OMX.qcom.video.decoder.avc
01-12 10:42:38.655  3419  3869 V MediaCodec: Found 2 pieces of codec specific data.
01-12 10:42:38.656  3419  3870 V ACodec  : onConfigureComponent
01-12 10:42:38.656  3419  3870 I ExtendedACodec: setupVideoDecoder()
01-12 10:42:38.656  3419  3870 I ExtendedACodec: vpp-enable search is 0 and value is 0
01-12 10:42:38.657   701  1957 E OMX-VDEC-1080P: Extension: OMX.google.android.index.storeANWBufferInMetadata not implemented
01-12 10:42:38.657   701  1957 E OMX-VDEC-1080P: Extension: OMX.google.android.index.configureVideoTunnelMode not implemented
01-12 10:42:38.657   701  1957 E OMX-VDEC-1080P: Extension: OMX.google.android.index.useAndroidNativeBuffer is supported
01-12 10:42:38.675   701   862 E C2DColorConvert: unknown format passed for luma alignment number
01-12 10:42:38.708   701  2372 E C2DColorConvert: unknown format passed for luma alignment number
01-12 10:42:38.708   701  2372 E C2DColorConvert: unknown format passed for luma alignment number
01-12 10:42:38.709   701  2337 E C2DColorConvert: unknown format passed for luma alignment number
01-12 10:42:38.710  3419  3870 V ACodec  : [OMX.qcom.video.decoder.avc] setting color aspects (R:0(Unspecified), P:0(Unspecified), M:0(Unspecified), T:0(Unspecified)) err=0(NO_ERROR)
01-12 10:42:38.711   701   862 E OMX-VDEC-1080P: Extension: OMX.google.android.index.describeHDRStaticInfo not implemented
01-12 10:42:38.711  3419  3870 V ACodec  : [OMX.qcom.video.decoder.avc] setting  HDRStaticInfo (R: 0 0, G: 0 0, B: 0, 0, W: 0, 0, MaxDispL: 0, MinDispL: 0, MaxContentL: 0, MaxFrameAvgL: 0)
01-12 10:42:38.711  3419  3870 I ExtendedACodec: Decoder will be in frame by frame mode
01-12 10:42:38.714  3419  3870 V ACodec  : [OMX.qcom.video.decoder.avc] input format is AMessage(what = 0x00000000) = {
01-12 10:42:38.714  3419  3870 V ACodec  :   int32_t adaptive-playback = 0
01-12 10:42:38.714  3419  3870 V ACodec  :   string mime = "video/avc"
01-12 10:42:38.714  3419  3870 V ACodec  :   int32_t width = 1920
01-12 10:42:38.714  3419  3870 V ACodec  :   int32_t height = 1080
01-12 10:42:38.714  3419  3870 V ACodec  : }
01-12 10:42:38.729   701  2372 E C2DColorConvert: unknown format passed for luma alignment number
01-12 10:42:38.729   701  2372 E C2DColorConvert: unknown format passed for luma alignment number
01-12 10:42:38.742   701  1957 E C2DColorConvert: unknown format passed for luma alignment number
01-12 10:42:38.742   701  1957 E C2DColorConvert: unknown format passed for luma alignment number
01-12 10:42:38.744   701   862 E OMXNodeInstance: getParameter(2bd003a:qcom.decoder.avc, ??(0x7f000044)) ERROR: UnsupportedSetting(0x80001019)
01-12 10:42:38.744  3419  3870 V ACodec  : [OMX.qcom.video.decoder.avc] MediaImage { F(1920x1080) @0+1+1920 @2073600+2+1920 @2073601+2+1920 }
01-12 10:42:38.745  3419  3870 V ACodec  : [OMX.qcom.video.decoder.avc] setting color aspects (R:0(Unspecified), P:0(Unspecified), M:0(Unspecified), T:0(Unspecified)) err=0(NO_ERROR)
01-12 10:42:38.745  3419  3870 V ACodec  : [OMX.qcom.video.decoder.avc] got color aspects (R:0(Unspecified), P:0(Unspecified), M:0(Unspecified), T:0(Unspecified)) err=0(NO_ERROR)
01-12 10:42:38.745  3419  3870 V ACodec  : [OMX.qcom.video.decoder.avc] output format is AMessage(what = 0x00000000) = {
01-12 10:42:38.745  3419  3870 V ACodec  :   string mime = "video/raw"
01-12 10:42:38.745  3419  3870 V ACodec  :   int32_t stride = 1920
01-12 10:42:38.745  3419  3870 V ACodec  :   int32_t slice-height = 1080
01-12 10:42:38.745  3419  3870 V ACodec  :   int32_t color-format = 21
01-12 10:42:38.745  3419  3870 V ACodec  :   Buffer *image-data = 0x7f8f81f1e0
01-12 10:42:38.745  3419  3870 V ACodec  :   Rect crop(0, 0, 1919, 1079)
01-12 10:42:38.745  3419  3870 V ACodec  :   int32_t width = 1920
01-12 10:42:38.745  3419  3870 V ACodec  :   int32_t height = 1080
01-12 10:42:38.745  3419  3870 V ACodec  : }
01-12 10:42:38.745  3419  3869 V MediaCodec: [OMX.qcom.video.decoder.avc] configured as input format: AMessage(what = 0x00000000) = {
01-12 10:42:38.745  3419  3869 V MediaCodec:       int32_t adaptive-playback = 0
01-12 10:42:38.745  3419  3869 V MediaCodec:       string mime = "video/avc"
01-12 10:42:38.745  3419  3869 V MediaCodec:       int32_t width = 1920
01-12 10:42:38.745  3419  3869 V MediaCodec:       int32_t height = 1080
01-12 10:42:38.745  3419  3869 V MediaCodec:     }, output format: AMessage(what = 0x00000000) = {
01-12 10:42:38.745  3419  3869 V MediaCodec:       string mime = "video/raw"
01-12 10:42:38.745  3419  3869 V MediaCodec:       int32_t stride = 1920
01-12 10:42:38.745  3419  3869 V MediaCodec:       int32_t slice-height = 1080
01-12 10:42:38.745  3419  3869 V MediaCodec:       int32_t color-format = 21
01-12 10:42:38.745  3419  3869 V MediaCodec:       Buffer *image-data = 0x7f8f81f1e0
01-12 10:42:38.745  3419  3869 V MediaCodec:       Rect crop(0, 0, 1919, 1079)
01-12 10:42:38.745  3419  3869 V MediaCodec:       int32_t width = 1920
01-12 10:42:38.745  3419  3869 V MediaCodec:       int32_t height = 1080
01-12 10:42:38.745  3419  3869 V MediaCodec:     }
01-12 10:42:38.748  3419  3870 V ACodec  : onStart
01-12 10:42:38.748  3419  3870 V ACodec  : [OMX.qcom.video.decoder.avc] Now Loaded->Idle
01-12 10:42:38.749  3419  3870 V ACodec  : [OMX.qcom.video.decoder.avc] Allocating 4 buffers of size 7077888/7077888 (from 7077888 using Invalid) on input port
01-12 10:42:38.755  3419  3869 V MediaCodec: input buffers allocated
01-12 10:42:38.769   701   701 E C2DColorConvert: unknown format passed for luma alignment number
01-12 10:42:38.769   701   701 E C2DColorConvert: unknown format passed for luma alignment number
01-12 10:42:38.769  3419  3870 V ACodec  : [OMX.qcom.video.decoder.avc] Allocating 18 buffers of size 3112960/3112960 (from 3112960 using Invalid) on output port
01-12 10:42:38.944  3419  3869 V MediaCodec: output buffers allocated
01-12 10:42:38.945  3419  3870 V ACodec  : [OMX.qcom.video.decoder.avc] Now Idle->Executing
01-12 10:42:38.946  3419  3870 V ACodec  : [OMX.qcom.video.decoder.avc] calling fillBuffer 5
01-12 10:42:38.947  3419  3870 V ACodec  : [OMX.qcom.video.decoder.avc] calling fillBuffer 6
01-12 10:42:38.949  3419  3870 V ACodec  : [OMX.qcom.video.decoder.avc] calling fillBuffer 7
01-12 10:42:38.951  3419  3870 V ACodec  : [OMX.qcom.video.decoder.avc] calling fillBuffer 8
01-12 10:42:38.951  3419  3870 V ACodec  : [OMX.qcom.video.decoder.avc] calling fillBuffer 9
01-12 10:42:38.952  3419  3870 V ACodec  : [OMX.qcom.video.decoder.avc] calling fillBuffer 10
01-12 10:42:38.954  3419  3870 V ACodec  : [OMX.qcom.video.decoder.avc] calling fillBuffer 11
01-12 10:42:38.955  3419  3870 V ACodec  : [OMX.qcom.video.decoder.avc] calling fillBuffer 12
01-12 10:42:38.955  3419  3870 V ACodec  : [OMX.qcom.video.decoder.avc] calling fillBuffer 13
01-12 10:42:38.955  3419  3870 V ACodec  : [OMX.qcom.video.decoder.avc] calling fillBuffer 14
01-12 10:42:38.955  3419  3870 V ACodec  : [OMX.qcom.video.decoder.avc] calling fillBuffer 15
01-12 10:42:38.955  3419  3870 V ACodec  : [OMX.qcom.video.decoder.avc] calling fillBuffer 16
01-12 10:42:38.956  3419  3870 V ACodec  : [OMX.qcom.video.decoder.avc] calling fillBuffer 17
01-12 10:42:38.956  3419  3870 V ACodec  : [OMX.qcom.video.decoder.avc] calling fillBuffer 18
01-12 10:42:38.956  3419  3870 V ACodec  : [OMX.qcom.video.decoder.avc] calling fillBuffer 19
01-12 10:42:38.956  3419  3870 V ACodec  : [OMX.qcom.video.decoder.avc] calling fillBuffer 20
01-12 10:42:38.956  3419  3870 V ACodec  : [OMX.qcom.video.decoder.avc] calling fillBuffer 21
01-12 10:42:38.956  3419  3870 V ACodec  : [OMX.qcom.video.decoder.avc] calling fillBuffer 22
01-12 10:42:38.957  3419  3870 V ACodec  : [OMX.qcom.video.decoder.avc] Now Executing
01-12 10:42:38.957  3419  3870 V ACodec  : [OMX.qcom.video.decoder.avc] calling emptyBuffer 1 w/ codec specific data
01-12 10:42:38.957  3419  3870 V ACodec  : [OMX.qcom.video.decoder.avc] calling emptyBuffer 2 w/ codec specific data
01-12 10:42:38.967  3419  3419 I @@@@    : read sample 0:1 @ 66687 size 908132
01-12 10:42:38.968  3419  3870 V ACodec  : [OMX.qcom.video.decoder.avc] calling emptyBuffer 3 w/ time 66687 us
01-12 10:42:38.975  3419  3419 D MainActivity: no output frame available yet
01-12 10:42:38.980  3419  3419 I @@@@    : read sample 1:0 @ 166687 size 215981
01-12 10:42:38.980  3419  3870 V ACodec  : [OMX.qcom.video.decoder.avc] calling emptyBuffer 4 w/ time 166687 us
01-12 10:42:38.985  3419  3419 D MainActivity: no output frame available yet
01-12 10:42:38.996  3419  3419 D MainActivity: no output frame available yet
01-12 10:42:39.009  3419  3419 D MainActivity: no output frame available yet
01-12 10:42:39.020  3419  3419 D MainActivity: no output frame available yet
01-12 10:42:39.030  3419  3870 V ACodec  : [OMX.qcom.video.decoder.avc] onOMXEmptyBufferDone 1
01-12 10:42:39.030  3419  3419 D MainActivity: no output frame available yet
01-12 10:42:39.031  3419  3870 V ACodec  : [OMX.qcom.video.decoder.avc] onOMXEmptyBufferDone 2
01-12 10:42:39.032  3419  3419 I @@@@    : read sample 2:0 @ 99687 size 38082
01-12 10:42:39.038  3419  3419 D MainActivity: no output frame available yet
01-12 10:42:39.041  3419  3419 I @@@@    : read sample 3:0 @ 133687 size 31307
01-12 10:42:39.041   701  1957 E C2DColorConvert: unknown format passed for luma alignment number
01-12 10:42:39.041   701  1957 E C2DColorConvert: unknown format passed for luma alignment number
01-12 10:42:39.046  3419  3419 D MainActivity: no output frame available yet
01-12 10:42:39.049   701  2372 E C2DColorConvert: unknown format passed for luma alignment number
01-12 10:42:39.049   701  2372 E C2DColorConvert: unknown format passed for luma alignment number
01-12 10:42:39.050   701  2337 E OMXNodeInstance: getParameter(2bd003a:qcom.decoder.avc, ??(0x7f000044)) ERROR: UnsupportedSetting(0x80001019)
01-12 10:42:39.051  3419  3870 V ACodec  : [OMX.qcom.video.decoder.avc] MediaImage { F(1920x1080) @0+1+1920 @2073600+2+1920 @2073601+2+1920 }
01-12 10:42:39.051  3419  3870 V ACodec  : [OMX.qcom.video.decoder.avc] setting color aspects (R:0(Unspecified), P:0(Unspecified), M:0(Unspecified), T:0(Unspecified)) err=0(NO_ERROR)
01-12 10:42:39.052  3419  3870 V ACodec  : [OMX.qcom.video.decoder.avc] got color aspects (R:0(Unspecified), P:0(Unspecified), M:0(Unspecified), T:0(Unspecified)) err=0(NO_ERROR)
01-12 10:42:39.052  3419  3870 V ACodec  : [OMX.qcom.video.decoder.avc] output format is AMessage(what = 0x00000000) = {
01-12 10:42:39.052  3419  3870 V ACodec  :   string mime = "video/raw"
01-12 10:42:39.052  3419  3870 V ACodec  :   int32_t stride = 1920
01-12 10:42:39.052  3419  3870 V ACodec  :   int32_t slice-height = 1080
01-12 10:42:39.052  3419  3870 V ACodec  :   int32_t color-format = 21
01-12 10:42:39.052  3419  3870 V ACodec  :   Buffer *image-data = 0x7f8f820630
01-12 10:42:39.052  3419  3870 V ACodec  :   Rect crop(0, 0, 1919, 1079)
01-12 10:42:39.052  3419  3870 V ACodec  :   int32_t width = 1920
01-12 10:42:39.052  3419  3870 V ACodec  :   int32_t height = 1080
01-12 10:42:39.052  3419  3870 V ACodec  : }
01-12 10:42:39.053  3419  3870 V ACodec  : [OMX.qcom.video.decoder.avc] Now handling output port settings change
01-12 10:42:39.054  3419  3870 V ACodec  : [OMX.qcom.video.decoder.avc] calling emptyBuffer 1 w/ time 99687 us
01-12 10:42:39.055  3419  3870 V ACodec  : [OMX.qcom.video.decoder.avc] calling emptyBuffer 2 w/ time 133687 us
01-12 10:42:39.056  3419  3870 V ACodec  : [OMX.qcom.video.decoder.avc] onOMXFillBufferDone 7 time 0 us, flags = 0x00000000
01-12 10:42:39.057  3419  3419 D MainActivity: no output frame available yet
01-12 10:42:39.057  3419  3870 V ACodec  : [OMX.qcom.video.decoder.avc] onOMXFillBufferDone 8 time 0 us, flags = 0x00000000
01-12 10:42:39.058  3419  3870 V ACodec  : [OMX.qcom.video.decoder.avc] onOMXFillBufferDone 9 time 0 us, flags = 0x00000000
01-12 10:42:39.058  3419  3870 V ACodec  : [OMX.qcom.video.decoder.avc] onOMXFillBufferDone 10 time 0 us, flags = 0x00000000
01-12 10:42:39.059  3419  3870 V ACodec  : [OMX.qcom.video.decoder.avc] onOMXFillBufferDone 11 time 0 us, flags = 0x00000000
01-12 10:42:39.059  3419  3870 V ACodec  : [OMX.qcom.video.decoder.avc] onOMXFillBufferDone 12 time 0 us, flags = 0x00000000
01-12 10:42:39.060  3419  3870 V ACodec  : [OMX.qcom.video.decoder.avc] onOMXFillBufferDone 13 time 0 us, flags = 0x00000000
01-12 10:42:39.061  3419  3870 V ACodec  : [OMX.qcom.video.decoder.avc] onOMXFillBufferDone 14 time 0 us, flags = 0x00000000
01-12 10:42:39.061  3419  3870 V ACodec  : [OMX.qcom.video.decoder.avc] onOMXFillBufferDone 15 time 0 us, flags = 0x00000000
01-12 10:42:39.062  3419  3870 V ACodec  : [OMX.qcom.video.decoder.avc] onOMXFillBufferDone 16 time 0 us, flags = 0x00000000
01-12 10:42:39.062  3419  3870 V ACodec  : [OMX.qcom.video.decoder.avc] onOMXFillBufferDone 17 time 0 us, flags = 0x00000000
01-12 10:42:39.063  3419  3870 V ACodec  : [OMX.qcom.video.decoder.avc] onOMXFillBufferDone 18 time 0 us, flags = 0x00000000
01-12 10:42:39.063  3419  3870 V ACodec  : [OMX.qcom.video.decoder.avc] onOMXFillBufferDone 19 time 0 us, flags = 0x00000000
01-12 10:42:39.064  3419  3870 V ACodec  : [OMX.qcom.video.decoder.avc] onOMXFillBufferDone 20 time 0 us, flags = 0x00000000
01-12 10:42:39.064  3419  3870 V ACodec  : [OMX.qcom.video.decoder.avc] onOMXFillBufferDone 21 time 0 us, flags = 0x00000000
01-12 10:42:39.065  3419  3870 V ACodec  : [OMX.qcom.video.decoder.avc] onOMXFillBufferDone 22 time 0 us, flags = 0x00000000
01-12 10:42:39.066  3419  3870 V ACodec  : [OMX.qcom.video.decoder.avc] onOMXFillBufferDone 5 time 0 us, flags = 0x00000000
01-12 10:42:39.067  3419  3870 V ACodec  : [OMX.qcom.video.decoder.avc] onOMXFillBufferDone 6 time 0 us, flags = 0x00000000
01-12 10:42:39.068  3419  3419 D MainActivity: no output frame available yet
01-12 10:42:39.076  3419  3870 V ACodec  : [OMX.qcom.video.decoder.avc] Output port now disabled.
01-12 10:42:39.079  3419  3419 D MainActivity: no output frame available yet
01-12 10:42:39.081   701  1957 E C2DColorConvert: unknown format passed for luma alignment number
01-12 10:42:39.081   701  1957 E C2DColorConvert: unknown format passed for luma alignment number
01-12 10:42:39.081  3419  3870 V ACodec  : [OMX.qcom.video.decoder.avc] Allocating 6 buffers of size 3133440/3133440 (from 3133440 using Invalid) on output port
01-12 10:42:39.090  3419  3419 D MainActivity: no output frame available yet
01-12 10:42:39.102  3419  3419 D MainActivity: no output frame available yet
01-12 10:42:39.112  3419  3419 D MainActivity: no output frame available yet
01-12 10:42:39.123  3419  3419 D MainActivity: no output frame available yet
01-12 10:42:39.133  3419  3870 V ACodec  : [OMX.qcom.video.decoder.avc] Output port now reenabled.
01-12 10:42:39.134  3419  3870 V ACodec  : [OMX.qcom.video.decoder.avc] calling fillBuffer 23
01-12 10:42:39.134  3419  3869 V MediaCodec: output buffers allocated
01-12 10:42:39.134  3419  3870 V ACodec  : [OMX.qcom.video.decoder.avc] calling fillBuffer 24
01-12 10:42:39.134  3419  3870 V ACodec  : [OMX.qcom.video.decoder.avc] calling fillBuffer 25
01-12 10:42:39.135  3419  3870 V ACodec  : [OMX.qcom.video.decoder.avc] calling fillBuffer 26
01-12 10:42:39.135  3419  3419 D MainActivity: no output frame available yet
01-12 10:42:39.135  3419  3870 V ACodec  : [OMX.qcom.video.decoder.avc] calling fillBuffer 27
01-12 10:42:39.136  3419  3870 V ACodec  : [OMX.qcom.video.decoder.avc] calling fillBuffer 28
01-12 10:42:39.137  3419  3870 V ACodec  : [OMX.qcom.video.decoder.avc] Now Executing
01-12 10:42:39.151  3419  3419 D MainActivity: no output frame available yet
01-12 10:42:39.157  3419  3870 V ACodec  : [OMX.qcom.video.decoder.avc] onOMXEmptyBufferDone 3
01-12 10:42:39.162  3419  3419 D MainActivity: no output frame available yet
01-12 10:42:39.164  3419  3870 V ACodec  : [OMX.qcom.video.decoder.avc] onOMXEmptyBufferDone 4
01-12 10:42:39.164  3419  3419 I @@@@    : read sample 4:0 @ 299687 size 249106
01-12 10:42:39.165  3419  3870 V ACodec  : [OMX.qcom.video.decoder.avc] calling emptyBuffer 3 w/ time 299687 us
01-12 10:42:39.167  3419  3870 V ACodec  : [OMX.qcom.video.decoder.avc] onOMXEmptyBufferDone 1
01-12 10:42:39.170  3419  3419 D MainActivity: no output frame available yet
01-12 10:42:39.172  3419  3419 I @@@@    : read sample 5:0 @ 233687 size 54071
01-12 10:42:39.172  3419  3870 V ACodec  : [OMX.qcom.video.decoder.avc] calling emptyBuffer 4 w/ time 233687 us
01-12 10:42:39.181  3419  3419 D MainActivity: no output frame available yet
01-12 10:42:39.184  3419  3419 I @@@@    : read sample 6:0 @ 199687 size 33518
01-12 10:42:39.184  3419  3870 V ACodec  : [OMX.qcom.video.decoder.avc] calling emptyBuffer 1 w/ time 199687 us
01-12 10:42:39.189   701  3873 E C2DColorConvert: unknown format passed for luma alignment number
01-12 10:42:39.190  3419  3419 D MainActivity: no output frame available yet
01-12 10:42:39.198   701  3873 E C2DColorConvert: unknown format passed for luma alignment number
01-12 10:42:39.201  3419  3419 D MainActivity: no output frame available yet
01-12 10:42:39.212  3419  3419 D MainActivity: no output frame available yet
01-12 10:42:39.215   701  1957 E C2DColorConvert: unknown format passed for luma alignment number
01-12 10:42:39.215   701  1957 E C2DColorConvert: unknown format passed for luma alignment number
01-12 10:42:39.223  3419  3419 D MainActivity: no output frame available yet
01-12 10:42:39.226   701  3873 E C2DColorConvert: unknown format passed for luma alignment number
01-12 10:42:39.230   701  3873 E C2DColorConvert: unknown format passed for luma alignment number
01-12 10:42:39.234  3419  3419 D MainActivity: no output frame available yet
01-12 10:42:39.238   701  2337 E C2DColorConvert: unknown format passed for luma alignment number
01-12 10:42:39.238   701  2337 E C2DColorConvert: unknown format passed for luma alignment number
01-12 10:42:39.240   701  2337 E OMXNodeInstance: getParameter(2bd003a:qcom.decoder.avc, ??(0x7f000044)) ERROR: UnsupportedSetting(0x80001019)
01-12 10:42:39.240  3419  3870 V ACodec  : [OMX.qcom.video.decoder.avc] MediaImage { F(1920x1088) @0+1+1920 @2088960+2+1920 @2088961+2+1920 }
01-12 10:42:39.242  3419  3870 V ACodec  : [OMX.qcom.video.decoder.avc] setting color aspects (R:0(Unspecified), P:0(Unspecified), M:0(Unspecified), T:0(Unspecified)) err=0(NO_ERROR)
01-12 10:42:39.243  3419  3870 V ACodec  : [OMX.qcom.video.decoder.avc] got color aspects (R:0(Unspecified), P:0(Unspecified), M:0(Unspecified), T:0(Unspecified)) err=0(NO_ERROR)
01-12 10:42:39.243  3419  3870 V ACodec  : [OMX.qcom.video.decoder.avc] output format is AMessage(what = 0x00000000) = {
01-12 10:42:39.243  3419  3870 V ACodec  :   string mime = "video/raw"
01-12 10:42:39.243  3419  3870 V ACodec  :   int32_t stride = 1920
01-12 10:42:39.243  3419  3870 V ACodec  :   int32_t slice-height = 1088
01-12 10:42:39.243  3419  3870 V ACodec  :   int32_t color-format = 21
01-12 10:42:39.243  3419  3870 V ACodec  :   Buffer *image-data = 0x7f8f820630
01-12 10:42:39.243  3419  3870 V ACodec  :   Rect crop(0, 0, 1919, 1079)
01-12 10:42:39.243  3419  3870 V ACodec  :   int32_t width = 1920
01-12 10:42:39.243  3419  3870 V ACodec  :   int32_t height = 1088
01-12 10:42:39.243  3419  3870 V ACodec  : }
01-12 10:42:39.243  3419  3870 V ACodec  : [OMX.qcom.video.decoder.avc] onOMXFillBufferDone 23 time 66687 us, flags = 0x00000000
01-12 10:42:39.244  3419  3869 V MediaCodec: [OMX.qcom.video.decoder.avc] output format changed to: AMessage(what = 0x00000000) = {
01-12 10:42:39.244  3419  3869 V MediaCodec:       string mime = "video/raw"
01-12 10:42:39.244  3419  3869 V MediaCodec:       int32_t stride = 1920
01-12 10:42:39.244  3419  3869 V MediaCodec:       int32_t slice-height = 1088
01-12 10:42:39.244  3419  3869 V MediaCodec:       int32_t color-format = 21
01-12 10:42:39.244  3419  3869 V MediaCodec:       Buffer *image-data = 0x7f8f820630
01-12 10:42:39.244  3419  3869 V MediaCodec:       Rect crop(0, 0, 1919, 1079)
01-12 10:42:39.244  3419  3869 V MediaCodec:       int32_t width = 1920
01-12 10:42:39.244  3419  3869 V MediaCodec:       int32_t height = 1088
01-12 10:42:39.244  3419  3869 V MediaCodec:     }
01-12 10:42:39.244  3419  3419 D MainActivity: output fmt: 21 dim 1920x1088
01-12 10:42:39.248  3419  3870 V ACodec  : [OMX.qcom.video.decoder.avc] onOMXFillBufferDone 25 time 99687 us, flags = 0x00000000
01-12 10:42:39.250  3419  3419 D MainActivity: got frame, size 3133440/66687/1/0
01-12 10:42:39.257  3419  3870 V ACodec  : [OMX.qcom.video.decoder.avc] onOMXFillBufferDone 26 time 133687 us, flags = 0x00000000
01-12 10:42:39.257  3419  3870 V ACodec  : [OMX.qcom.video.decoder.avc] onOMXEmptyBufferDone 2
01-12 10:42:39.257  3419  3870 V ACodec  : [OMX.qcom.video.decoder.avc] onOMXEmptyBufferDone 3
01-12 10:42:39.257  3419  3870 V ACodec  : [OMX.qcom.video.decoder.avc] onOMXEmptyBufferDone 4
01-12 10:42:39.278  3419  3419 V MainActivity: output will be saved as /sdcard/Pictures/output_1.yuv
01-12 10:42:39.298  3419  3870 V ACodec  : [OMX.qcom.video.decoder.avc] calling fillBuffer 23
01-12 10:42:39.300  3419  3419 I @@@@    : read sample 7:0 @ 266687 size 30104
01-12 10:42:39.300  3419  3870 V ACodec  : [OMX.qcom.video.decoder.avc] calling emptyBuffer 2 w/ time 266687 us
01-12 10:42:39.300  3419  3419 D MainActivity: got frame, size 3133440/99687/2/0
01-12 10:42:39.321  3419  3419 V MainActivity: output will be saved as /sdcard/Pictures/output_2.yuv
01-12 10:42:39.327   701  3873 E C2DColorConvert: unknown format passed for luma alignment number
01-12 10:42:39.335  3419  3870 V ACodec  : [OMX.qcom.video.decoder.avc] onOMXFillBufferDone 24 time 166687 us, flags = 0x00000000
01-12 10:42:39.335  3419  3870 V ACodec  : [OMX.qcom.video.decoder.avc] onOMXEmptyBufferDone 1
01-12 10:42:39.338  3419  3870 V ACodec  : [OMX.qcom.video.decoder.avc] calling fillBuffer 25
01-12 10:42:39.340  3419  3419 I @@@@    : read sample 8:0 @ 399687 size 222503
01-12 10:42:39.340  3419  3870 V ACodec  : [OMX.qcom.video.decoder.avc] calling emptyBuffer 3 w/ time 399687 us
01-12 10:42:39.341  3419  3419 D MainActivity: got frame, size 3133440/133687/3/0
01-12 10:42:39.351  3419  3870 V ACodec  : [OMX.qcom.video.decoder.avc] onOMXEmptyBufferDone 2
01-12 10:42:39.355   701  3873 E C2DColorConvert: unknown format passed for luma alignment number
01-12 10:42:39.356  3419  3870 V ACodec  : [OMX.qcom.video.decoder.avc] onOMXFillBufferDone 23 time 199687 us, flags = 0x00000000
01-12 10:42:39.357  3419  3419 V MainActivity: output will be saved as /sdcard/Pictures/output_3.yuv
01-12 10:42:39.373  3419  3870 V ACodec  : [OMX.qcom.video.decoder.avc] calling fillBuffer 26
01-12 10:42:39.375  3419  3419 I @@@@    : read sample 9:0 @ 333687 size 38536
01-12 10:42:39.375  3419  3870 V ACodec  : [OMX.qcom.video.decoder.avc] calling emptyBuffer 4 w/ time 333687 us
01-12 10:42:39.375  3419  3419 D MainActivity: got frame, size 3133440/166687/4/0
01-12 10:42:39.391  3419  3419 V MainActivity: output will be saved as /sdcard/Pictures/output_4.yuv
01-12 10:42:39.408  3419  3870 V ACodec  : [OMX.qcom.video.decoder.avc] calling fillBuffer 24
01-12 10:42:39.409  3419  3419 I @@@@    : read sample 10:0 @ 366687 size 29179
01-12 10:42:39.410  3419  3870 V ACodec  : [OMX.qcom.video.decoder.avc] calling emptyBuffer 1 w/ time 366687 us
01-12 10:42:39.410  3419  3419 D MainActivity: got frame, size 3133440/199687/5/0
01-12 10:42:39.418  3419  3870 V ACodec  : [OMX.qcom.video.decoder.avc] onOMXEmptyBufferDone 3
01-12 10:42:39.424  3419  3419 V MainActivity: output will be saved as /sdcard/Pictures/output_5.yuv
01-12 10:42:39.426   701  3873 E C2DColorConvert: unknown format passed for luma alignment number
01-12 10:42:39.436  3419  3870 V ACodec  : [OMX.qcom.video.decoder.avc] onOMXFillBufferDone 28 time 233687 us, flags = 0x00000000
01-12 10:42:39.437   701  3873 E C2DColorConvert: unknown format passed for luma alignment number
01-12 10:42:39.439  3419  3870 V ACodec  : [OMX.qcom.video.decoder.avc] onOMXFillBufferDone 25 time 266687 us, flags = 0x00000000
01-12 10:42:39.440  3419  3870 V ACodec  : [OMX.qcom.video.decoder.avc] onOMXEmptyBufferDone 4
01-12 10:42:39.443  3419  3870 V ACodec  : [OMX.qcom.video.decoder.avc] calling fillBuffer 23
01-12 10:42:39.447  3419  3419 I @@@@    : read sample 11:0 @ 499687 size 227475
01-12 10:42:39.447  3419  3870 V ACodec  : [OMX.qcom.video.decoder.avc] calling emptyBuffer 2 w/ time 499687 us
01-12 10:42:39.449  3419  3419 D MainActivity: got frame, size 3133440/233687/6/0
01-12 10:42:39.458  3419  3870 V ACodec  : [OMX.qcom.video.decoder.avc] onOMXEmptyBufferDone 1
01-12 10:42:39.460   701  3873 E C2DColorConvert: unknown format passed for luma alignment number
01-12 10:42:39.467  3419  3419 V MainActivity: output will be saved as /sdcard/Pictures/output_6.yuv
01-12 10:42:39.468  3419  3870 V ACodec  : [OMX.qcom.video.decoder.avc] onOMXFillBufferDone 27 time 299687 us, flags = 0x00000000
01-12 10:42:39.484  3419  3870 V ACodec  : [OMX.qcom.video.decoder.avc] calling fillBuffer 28
01-12 10:42:39.485  3419  3419 I @@@@    : read sample 12:0 @ 433687 size 36675
01-12 10:42:39.485  3419  3870 V ACodec  : [OMX.qcom.video.decoder.avc] calling emptyBuffer 3 w/ time 433687 us
01-12 10:42:39.485  3419  3419 D MainActivity: got frame, size 3133440/266687/7/0
01-12 10:42:39.501  3419  3419 V MainActivity: output will be saved as /sdcard/Pictures/output_7.yuv
01-12 10:42:39.520  3419  3870 V ACodec  : [OMX.qcom.video.decoder.avc] calling fillBuffer 25
01-12 10:42:39.521  3419  3419 I @@@@    : read sample 13:0 @ 466687 size 29043
01-12 10:42:39.521  3419  3419 D MainActivity: got frame, size 3133440/299687/8/0
01-12 10:42:39.523  3419  3870 V ACodec  : [OMX.qcom.video.decoder.avc] calling emptyBuffer 4 w/ time 466687 us
01-12 10:42:39.529  3419  3870 V ACodec  : [OMX.qcom.video.decoder.avc] onOMXEmptyBufferDone 2
01-12 10:42:39.533   701  3873 E C2DColorConvert: unknown format passed for luma alignment number
01-12 10:42:39.536  3419  3870 V ACodec  : [OMX.qcom.video.decoder.avc] onOMXFillBufferDone 24 time 333687 us, flags = 0x00000000
01-12 10:42:39.537   701  3873 E C2DColorConvert: unknown format passed for luma alignment number
01-12 10:42:39.539  3419  3870 V ACodec  : [OMX.qcom.video.decoder.avc] onOMXFillBufferDone 23 time 366687 us, flags = 0x00000000
01-12 10:42:39.542  3419  3419 V MainActivity: output will be saved as /sdcard/Pictures/output_8.yuv
01-12 10:42:39.550  3419  3870 V ACodec  : [OMX.qcom.video.decoder.avc] onOMXEmptyBufferDone 3
01-12 10:42:39.558  3419  3870 V ACodec  : [OMX.qcom.video.decoder.avc] calling fillBuffer 27
01-12 10:42:39.560  3419  3419 I @@@@    : read sample 14:0 @ 633687 size 239505
01-12 10:42:39.560  3419  3870 V ACodec  : [OMX.qcom.video.decoder.avc] calling emptyBuffer 1 w/ time 633687 us
01-12 10:42:39.563  3419  3419 D MainActivity: got frame, size 3133440/333687/9/0
01-12 10:42:39.575   701  3873 E C2DColorConvert: unknown format passed for luma alignment number
01-12 10:42:39.577  3419  3870 V ACodec  : [OMX.qcom.video.decoder.avc] onOMXFillBufferDone 26 time 399687 us, flags = 0x00000000
01-12 10:42:39.577  3419  3870 V ACodec  : [OMX.qcom.video.decoder.avc] onOMXEmptyBufferDone 4
01-12 10:42:39.577  3419  3419 V MainActivity: output will be saved as /sdcard/Pictures/output_9.yuv
01-12 10:42:39.594  3419  3870 V ACodec  : [OMX.qcom.video.decoder.avc] calling fillBuffer 24
01-12 10:42:39.595  3419  3419 I @@@@    : read sample 15:0 @ 566687 size 51258
01-12 10:42:39.596  3419  3870 V ACodec  : [OMX.qcom.video.decoder.avc] calling emptyBuffer 2 w/ time 566687 us
01-12 10:42:39.596  3419  3419 D MainActivity: got frame, size 3133440/366687/10/0
01-12 10:42:39.614  3419  3419 V MainActivity: output will be saved as /sdcard/Pictures/output_10.yuv
01-12 10:42:39.631  3419  3870 V ACodec  : [OMX.qcom.video.decoder.avc] calling fillBuffer 23
01-12 10:42:39.632  3419  3419 I @@@@    : read sample 16:0 @ 533687 size 31188
01-12 10:42:39.632  3419  3870 V ACodec  : [OMX.qcom.video.decoder.avc] calling emptyBuffer 3 w/ time 533687 us
01-12 10:42:39.632  3419  3419 D MainActivity: got frame, size 3133440/399687/11/0
01-12 10:42:39.641  3419  3870 V ACodec  : [OMX.qcom.video.decoder.avc] onOMXEmptyBufferDone 1
01-12 10:42:39.646   701  3873 E C2DColorConvert: unknown format passed for luma alignment number
01-12 10:42:39.648  3419  3870 V ACodec  : [OMX.qcom.video.decoder.avc] onOMXFillBufferDone 25 time 433687 us, flags = 0x00000000
01-12 10:42:39.649  3419  3419 V MainActivity: output will be saved as /sdcard/Pictures/output_11.yuv
01-12 10:42:39.649   701  3873 E C2DColorConvert: unknown format passed for luma alignment number
01-12 10:42:39.651  3419  3870 V ACodec  : [OMX.qcom.video.decoder.avc] onOMXFillBufferDone 27 time 466687 us, flags = 0x00000000
01-12 10:42:39.662  3419  3870 V ACodec  : [OMX.qcom.video.decoder.avc] onOMXEmptyBufferDone 2
01-12 10:42:39.667  3419  3870 V ACodec  : [OMX.qcom.video.decoder.avc] calling fillBuffer 26
01-12 10:42:39.668  3419  3419 I @@@@    : read sample 17:0 @ 599687 size 28337
01-12 10:42:39.668  3419  3870 V ACodec  : [OMX.qcom.video.decoder.avc] calling emptyBuffer 4 w/ time 599687 us
01-12 10:42:39.668  3419  3419 D MainActivity: got frame, size 3133440/433687/12/0
01-12 10:42:39.683  3419  3419 V MainActivity: output will be saved as /sdcard/Pictures/output_12.yuv
01-12 10:42:39.689  3419  3870 V ACodec  : [OMX.qcom.video.decoder.avc] onOMXEmptyBufferDone 3
01-12 10:42:39.692   701  3873 E C2DColorConvert: unknown format passed for luma alignment number
01-12 10:42:39.693  3419  3870 V ACodec  : [OMX.qcom.video.decoder.avc] onOMXFillBufferDone 28 time 499687 us, flags = 0x00000000
01-12 10:42:39.701  3419  3870 V ACodec  : [OMX.qcom.video.decoder.avc] calling fillBuffer 25
01-12 10:42:39.703  3419  3419 I @@@@    : read sample 18:0 @ 733687 size 213862
01-12 10:42:39.704  3419  3870 V ACodec  : [OMX.qcom.video.decoder.avc] calling emptyBuffer 1 w/ time 733687 us
01-12 10:42:39.704  3419  3419 D MainActivity: got frame, size 3133440/466687/13/0
01-12 10:42:39.718  3419  3419 V MainActivity: output will be saved as /sdcard/Pictures/output_13.yuv
01-12 10:42:39.719   701  3873 E C2DColorConvert: unknown format passed for luma alignment number
01-12 10:42:39.720  3419  3870 V ACodec  : [OMX.qcom.video.decoder.avc] onOMXFillBufferDone 26 time 533687 us, flags = 0x00000000
01-12 10:42:39.720  3419  3870 V ACodec  : [OMX.qcom.video.decoder.avc] onOMXEmptyBufferDone 4
01-12 10:42:39.736  3419  3870 V ACodec  : [OMX.qcom.video.decoder.avc] calling fillBuffer 27
01-12 10:42:39.737  3419  3419 I @@@@    : read sample 19:0 @ 666687 size 37184
01-12 10:42:39.738  3419  3870 V ACodec  : [OMX.qcom.video.decoder.avc] calling emptyBuffer 2 w/ time 666687 us
01-12 10:42:39.738  3419  3419 D MainActivity: got frame, size 3133440/499687/14/0
01-12 10:42:39.751  3419  3419 V MainActivity: output will be saved as /sdcard/Pictures/output_14.yuv
01-12 10:42:39.768  3419  3870 V ACodec  : [OMX.qcom.video.decoder.avc] calling fillBuffer 28
01-12 10:42:39.769  3419  3419 I @@@@    : read sample 20:0 @ 699687 size 28751
01-12 10:42:39.769  3419  3870 V ACodec  : [OMX.qcom.video.decoder.avc] calling emptyBuffer 3 w/ time 699687 us
01-12 10:42:39.769  3419  3419 D MainActivity: got frame, size 3133440/533687/15/0
01-12 10:42:39.787  3419  3419 V MainActivity: output will be saved as /sdcard/Pictures/output_15.yuv
01-12 10:42:39.787   701  3873 E C2DColorConvert: unknown format passed for luma alignment number
01-12 10:42:39.790  3419  3870 V ACodec  : [OMX.qcom.video.decoder.avc] onOMXFillBufferDone 23 time 566687 us, flags = 0x00000000
01-12 10:42:39.791   701  3873 E C2DColorConvert: unknown format passed for luma alignment number
01-12 10:42:39.795  3419  3870 V ACodec  : [OMX.qcom.video.decoder.avc] onOMXFillBufferDone 25 time 599687 us, flags = 0x00000000
01-12 10:42:39.795  3419  3870 V ACodec  : [OMX.qcom.video.decoder.avc] onOMXEmptyBufferDone 1
01-12 10:42:39.802  3419  3870 V ACodec  : [OMX.qcom.video.decoder.avc] onOMXEmptyBufferDone 2
01-12 10:42:39.809  3419  3870 V ACodec  : [OMX.qcom.video.decoder.avc] calling fillBuffer 26
01-12 10:42:39.813  3419  3419 I @@@@    : read sample 21:0 @ 866687 size 227244
01-12 10:42:39.813  3419  3870 V ACodec  : [OMX.qcom.video.decoder.avc] calling emptyBuffer 4 w/ time 866687 us
01-12 10:42:39.814  3419  3419 D MainActivity: got frame, size 3133440/566687/16/0
01-12 10:42:39.824  3419  3870 V ACodec  : [OMX.qcom.video.decoder.avc] onOMXEmptyBufferDone 3
01-12 10:42:39.827   701  3873 E C2DColorConvert: unknown format passed for luma alignment number
01-12 10:42:39.829  3419  3870 V ACodec  : [OMX.qcom.video.decoder.avc] onOMXFillBufferDone 24 time 633687 us, flags = 0x00000000
01-12 10:42:39.832  3419  3419 V MainActivity: output will be saved as /sdcard/Pictures/output_16.yuv
01-12 10:42:39.849  3419  3870 V ACodec  : [OMX.qcom.video.decoder.avc] calling fillBuffer 23
01-12 10:42:39.851  3419  3419 I @@@@    : read sample 22:0 @ 799687 size 50057
01-12 10:42:39.851  3419  3870 V ACodec  : [OMX.qcom.video.decoder.avc] calling emptyBuffer 1 w/ time 799687 us
01-12 10:42:39.852  3419  3419 D MainActivity: got frame, size 3133440/599687/17/0
01-12 10:42:39.868  3419  3419 V MainActivity: output will be saved as /sdcard/Pictures/output_17.yuv
01-12 10:42:39.888  3419  3870 V ACodec  : [OMX.qcom.video.decoder.avc] calling fillBuffer 25
01-12 10:42:39.890  3419  3419 I @@@@    : read sample 23:0 @ 766687 size 30178
01-12 10:42:39.891  3419  3870 V ACodec  : [OMX.qcom.video.decoder.avc] calling emptyBuffer 2 w/ time 766687 us
01-12 10:42:39.891  3419  3419 D MainActivity: got frame, size 3133440/633687/18/0
01-12 10:42:39.903   701  3873 E C2DColorConvert: unknown format passed for luma alignment number
01-12 10:42:39.906  3419  3419 V MainActivity: output will be saved as /sdcard/Pictures/output_18.yuv
01-12 10:42:39.907  3419  3870 V ACodec  : [OMX.qcom.video.decoder.avc] onOMXFillBufferDone 28 time 666687 us, flags = 0x00000000
01-12 10:42:39.910   701  3873 E C2DColorConvert: unknown format passed for luma alignment number
01-12 10:42:39.912  3419  3870 V ACodec  : [OMX.qcom.video.decoder.avc] onOMXFillBufferDone 26 time 699687 us, flags = 0x00000000
01-12 10:42:39.912  3419  3870 V ACodec  : [OMX.qcom.video.decoder.avc] onOMXEmptyBufferDone 4
01-12 10:42:39.917  3419  3870 V ACodec  : [OMX.qcom.video.decoder.avc] onOMXEmptyBufferDone 1
01-12 10:42:39.923  3419  3870 V ACodec  : [OMX.qcom.video.decoder.avc] calling fillBuffer 24
01-12 10:42:39.924  3419  3419 I @@@@    : read sample 24:0 @ 833687 size 27764
01-12 10:42:39.924  3419  3870 V ACodec  : [OMX.qcom.video.decoder.avc] calling emptyBuffer 3 w/ time 833687 us
01-12 10:42:39.925  3419  3419 D MainActivity: got frame, size 3133440/666687/19/0
01-12 10:42:39.938  3419  3419 V MainActivity: output will be saved as /sdcard/Pictures/output_19.yuv
01-12 10:42:39.949   701  3873 E C2DColorConvert: unknown format passed for luma alignment number
01-12 10:42:39.950  3419  3870 V ACodec  : [OMX.qcom.video.decoder.avc] onOMXFillBufferDone 27 time 733687 us, flags = 0x00000000
01-12 10:42:39.950  3419  3870 V ACodec  : [OMX.qcom.video.decoder.avc] onOMXEmptyBufferDone 2
01-12 10:42:39.956  3419  3870 V ACodec  : [OMX.qcom.video.decoder.avc] calling fillBuffer 28
01-12 10:42:39.957  3419  3419 I @@@@    : read sample 25:0 @ 999687 size 221514
01-12 10:42:39.958  3419  3870 V ACodec  : [OMX.qcom.video.decoder.avc] calling emptyBuffer 4 w/ time 999687 us
01-12 10:42:39.958  3419  3419 D MainActivity: got frame, size 3133440/699687/20/0
01-12 10:42:39.973  3419  3419 V MainActivity: output will be saved as /sdcard/Pictures/output_20.yuv
01-12 10:42:39.976   701  3873 E C2DColorConvert: unknown format passed for luma alignment number
01-12 10:42:39.978  3419  3870 V ACodec  : [OMX.qcom.video.decoder.avc] onOMXFillBufferDone 24 time 766687 us, flags = 0x00000000
01-12 10:42:39.978  3419  3870 V ACodec  : [OMX.qcom.video.decoder.avc] onOMXEmptyBufferDone 3
01-12 10:42:39.990  3419  3870 V ACodec  : [OMX.qcom.video.decoder.avc] calling fillBuffer 26
01-12 10:42:39.992  3419  3419 I @@@@    : read sample 26:0 @ 933687 size 49389
01-12 10:42:39.992  3419  3870 V ACodec  : [OMX.qcom.video.decoder.avc] calling emptyBuffer 1 w/ time 933687 us
01-12 10:42:39.992  3419  3419 D MainActivity: got frame, size 3133440/733687/21/0
01-12 10:42:40.006  3419  3419 V MainActivity: output will be saved as /sdcard/Pictures/output_21.yuv
01-12 10:42:40.024  3419  3870 V ACodec  : [OMX.qcom.video.decoder.avc] calling fillBuffer 27
01-12 10:42:40.026  3419  3419 I @@@@    : read sample 27:0 @ 899687 size 30259
01-12 10:42:40.027  3419  3870 V ACodec  : [OMX.qcom.video.decoder.avc] calling emptyBuffer 2 w/ time 899687 us
01-12 10:42:40.028  3419  3419 D MainActivity: got frame, size 3133440/766687/22/0
01-12 10:42:40.045  3419  3419 V MainActivity: output will be saved as /sdcard/Pictures/output_22.yuv
01-12 10:42:40.050   701  3873 E C2DColorConvert: unknown format passed for luma alignment number
01-12 10:42:40.052  3419  3870 V ACodec  : [OMX.qcom.video.decoder.avc] onOMXFillBufferDone 25 time 799687 us, flags = 0x00000000
01-12 10:42:40.055   701  3873 E C2DColorConvert: unknown format passed for luma alignment number
01-12 10:42:40.056  3419  3870 V ACodec  : [OMX.qcom.video.decoder.avc] onOMXFillBufferDone 28 time 833687 us, flags = 0x00000000
01-12 10:42:40.056  3419  3870 V ACodec  : [OMX.qcom.video.decoder.avc] onOMXEmptyBufferDone 4
01-12 10:42:40.057  3419  3870 V ACodec  : [OMX.qcom.video.decoder.avc] onOMXEmptyBufferDone 1
01-12 10:42:40.064  3419  3870 V ACodec  : [OMX.qcom.video.decoder.avc] calling fillBuffer 24
01-12 10:42:40.065  3419  3419 I @@@@    : read sample 28:0 @ 966687 size 27649
01-12 10:42:40.065  3419  3870 V ACodec  : [OMX.qcom.video.decoder.avc] calling emptyBuffer 3 w/ time 966687 us
01-12 10:42:40.066  3419  3419 D MainActivity: got frame, size 3133440/799687/23/0
01-12 10:42:40.079  3419  3419 V MainActivity: output will be saved as /sdcard/Pictures/output_23.yuv
01-12 10:42:40.090   701  3873 E C2DColorConvert: unknown format passed for luma alignment number
01-12 10:42:40.092  3419  3870 V ACodec  : [OMX.qcom.video.decoder.avc] onOMXFillBufferDone 23 time 866687 us, flags = 0x00000000
01-12 10:42:40.092  3419  3870 V ACodec  : [OMX.qcom.video.decoder.avc] onOMXEmptyBufferDone 2
01-12 10:42:40.096  3419  3870 V ACodec  : [OMX.qcom.video.decoder.avc] calling fillBuffer 25
01-12 10:42:40.100  3419  3419 I @@@@    : read sample 29:0 @ 1099687 size 195415
01-12 10:42:40.100  3419  3870 V ACodec  : [OMX.qcom.video.decoder.avc] calling emptyBuffer 4 w/ time 1099687 us
01-12 10:42:40.101  3419  3419 D MainActivity: got frame, size 3133440/833687/24/0
01-12 10:42:40.116   701  3873 E C2DColorConvert: unknown format passed for luma alignment number
01-12 10:42:40.116  3419  3419 V MainActivity: output will be saved as /sdcard/Pictures/output_24.yuv
01-12 10:42:40.118  3419  3870 V ACodec  : [OMX.qcom.video.decoder.avc] onOMXFillBufferDone 24 time 899687 us, flags = 0x00000000
01-12 10:42:40.118  3419  3870 V ACodec  : [OMX.qcom.video.decoder.avc] onOMXEmptyBufferDone 3
01-12 10:42:40.137  3419  3870 V ACodec  : [OMX.qcom.video.decoder.avc] calling fillBuffer 28
01-12 10:42:40.138  3419  3419 I @@@@    : read sample 30:0 @ 1033687 size 36831
01-12 10:42:40.139  3419  3870 V ACodec  : [OMX.qcom.video.decoder.avc] calling emptyBuffer 1 w/ time 1033687 us
01-12 10:42:40.139  3419  3419 D MainActivity: got frame, size 3133440/866687/25/0
01-12 10:42:40.157  3419  3419 V MainActivity: output will be saved as /sdcard/Pictures/output_25.yuv
01-12 10:42:40.173  3419  3870 V ACodec  : [OMX.qcom.video.decoder.avc] calling fillBuffer 23
01-12 10:42:40.174  3419  3419 I @@@@    : read sample 31:0 @ 1066687 size 29040
01-12 10:42:40.174  3419  3870 V ACodec  : [OMX.qcom.video.decoder.avc] calling emptyBuffer 2 w/ time 1066687 us
01-12 10:42:40.174  3419  3419 D MainActivity: got frame, size 3133440/899687/26/0
01-12 10:42:40.180  3419  3870 V ACodec  : [OMX.qcom.video.decoder.avc] onOMXEmptyBufferDone 4
01-12 10:42:40.184   701  3873 E C2DColorConvert: unknown format passed for luma alignment number
01-12 10:42:40.185  3419  3870 V ACodec  : [OMX.qcom.video.decoder.avc] onOMXFillBufferDone 27 time 933687 us, flags = 0x00000000
01-12 10:42:40.187   701  3873 E C2DColorConvert: unknown format passed for luma alignment number
01-12 10:42:40.189  3419  3870 V ACodec  : [OMX.qcom.video.decoder.avc] onOMXFillBufferDone 25 time 966687 us, flags = 0x00000000
01-12 10:42:40.191  3419  3419 V MainActivity: output will be saved as /sdcard/Pictures/output_26.yuv
01-12 10:42:40.200  3419  3870 V ACodec  : [OMX.qcom.video.decoder.avc] onOMXEmptyBufferDone 1
01-12 10:42:40.211  3419  3870 V ACodec  : [OMX.qcom.video.decoder.avc] calling fillBuffer 24
01-12 10:42:40.212  3419  3419 I @@@@    : read sample 32:0 @ 1199687 size 202235
01-12 10:42:40.212  3419  3870 V ACodec  : [OMX.qcom.video.decoder.avc] calling emptyBuffer 3 w/ time 1199687 us
01-12 10:42:40.212  3419  3419 D MainActivity: got frame, size 3133440/933687/27/0
01-12 10:42:40.228   701  3873 E C2DColorConvert: unknown format passed for luma alignment number
01-12 10:42:40.228  3419  3419 V MainActivity: output will be saved as /sdcard/Pictures/output_27.yuv
01-12 10:42:40.229  3419  3870 V ACodec  : [OMX.qcom.video.decoder.avc] onOMXFillBufferDone 26 time 999687 us, flags = 0x00000000
01-12 10:42:40.229  3419  3870 V ACodec  : [OMX.qcom.video.decoder.avc] onOMXEmptyBufferDone 2
01-12 10:42:40.246  3419  3870 V ACodec  : [OMX.qcom.video.decoder.avc] calling fillBuffer 27
01-12 10:42:40.247  3419  3419 I @@@@    : read sample 33:0 @ 1133687 size 38690
