01-12 10:42:40.247  3419  3870 V ACodec  : [OMX.qcom.video.decoder.avc] calling emptyBuffer 4 w/ time 1133687 us
01-12 10:42:40.248  3419  3419 D MainActivity: got frame, size 3133440/966687/28/0
01-12 10:42:40.261  3419  3419 V MainActivity: output will be saved as /sdcard/Pictures/output_28.yuv
01-12 10:42:40.279  3419  3870 V ACodec  : [OMX.qcom.video.decoder.avc] calling fillBuffer 25
01-12 10:42:40.282  3419  3419 I @@@@    : read sample 34:0 @ 1166687 size 30489
01-12 10:42:40.282  3419  3870 V ACodec  : [OMX.qcom.video.decoder.avc] calling emptyBuffer 1 w/ time 1166687 us
01-12 10:42:40.285  3419  3419 D MainActivity: got frame, size 3133440/999687/29/0
01-12 10:42:40.297   701  3873 E C2DColorConvert: unknown format passed for luma alignment number
01-12 10:42:40.299  3419  3870 V ACodec  : [OMX.qcom.video.decoder.avc] onOMXFillBufferDone 23 time 1033687 us, flags = 0x00000000
01-12 10:42:40.299  3419  3419 V MainActivity: output will be saved as /sdcard/Pictures/output_29.yuv
01-12 10:42:40.301   701  3873 E C2DColorConvert: unknown format passed for luma alignment number
01-12 10:42:40.303  3419  3870 V ACodec  : [OMX.qcom.video.decoder.avc] onOMXFillBufferDone 24 time 1066687 us, flags = 0x00000000
01-12 10:42:40.305  3419  3870 V ACodec  : [OMX.qcom.video.decoder.avc] onOMXEmptyBufferDone 3
01-12 10:42:40.309  3419  3870 V ACodec  : [OMX.qcom.video.decoder.avc] onOMXEmptyBufferDone 4
01-12 10:42:40.317  3419  3870 V ACodec  : [OMX.qcom.video.decoder.avc] calling fillBuffer 26
01-12 10:42:40.318  3419  3419 I @@@@    : read sample 35:0 @ 1333687 size 51038
01-12 10:42:40.320  3419  3870 V ACodec  : [OMX.qcom.video.decoder.avc] calling emptyBuffer 2 w/ time 1333687 us
01-12 10:42:40.320  3419  3419 D MainActivity: got frame, size 3133440/1033687/30/0
01-12 10:42:40.337  3419  3419 V MainActivity: output will be saved as /sdcard/Pictures/output_30.yuv
01-12 10:42:40.342   701  3873 E C2DColorConvert: unknown format passed for luma alignment number
01-12 10:42:40.344  3419  3870 V ACodec  : [OMX.qcom.video.decoder.avc] onOMXFillBufferDone 28 time 1099687 us, flags = 0x00000000
01-12 10:42:40.344  3419  3870 V ACodec  : [OMX.qcom.video.decoder.avc] onOMXEmptyBufferDone 1
01-12 10:42:40.359  3419  3870 V ACodec  : [OMX.qcom.video.decoder.avc] calling fillBuffer 23
01-12 10:42:40.360  3419  3419 I @@@@    : read sample 36:0 @ 1266687 size 34474
01-12 10:42:40.360  3419  3419 D MainActivity: got frame, size 3133440/1066687/31/0
01-12 10:42:40.361  3419  3870 V ACodec  : [OMX.qcom.video.decoder.avc] calling emptyBuffer 3 w/ time 1266687 us
01-12 10:42:40.375  3419  3419 V MainActivity: output will be saved as /sdcard/Pictures/output_31.yuv
01-12 10:42:40.382  3419  3870 V ACodec  : [OMX.qcom.video.decoder.avc] onOMXEmptyBufferDone 2
01-12 10:42:40.385   701  3873 E C2DColorConvert: unknown format passed for luma alignment number
01-12 10:42:40.386  3419  3870 V ACodec  : [OMX.qcom.video.decoder.avc] onOMXFillBufferDone 25 time 1133687 us, flags = 0x00000000
01-12 10:42:40.388   701  3873 E C2DColorConvert: unknown format passed for luma alignment number
01-12 10:42:40.390  3419  3870 V ACodec  : [OMX.qcom.video.decoder.avc] onOMXFillBufferDone 26 time 1166687 us, flags = 0x00000000
01-12 10:42:40.392  3419  3870 V ACodec  : [OMX.qcom.video.decoder.avc] calling fillBuffer 24
01-12 10:42:40.394  3419  3419 I @@@@    : read sample 37:0 @ 1233687 size 24089
01-12 10:42:40.394  3419  3870 V ACodec  : [OMX.qcom.video.decoder.avc] calling emptyBuffer 4 w/ time 1233687 us
01-12 10:42:40.394  3419  3419 D MainActivity: got frame, size 3133440/1099687/32/0
01-12 10:42:40.409  3419  3419 V MainActivity: output will be saved as /sdcard/Pictures/output_32.yuv
01-12 10:42:40.415  3419  3870 V ACodec  : [OMX.qcom.video.decoder.avc] onOMXEmptyBufferDone 3
01-12 10:42:40.427  3419  3870 V ACodec  : [OMX.qcom.video.decoder.avc] calling fillBuffer 28
01-12 10:42:40.428  3419  3419 I @@@@    : read sample 38:0 @ 1299687 size 14709
01-12 10:42:40.428  3419  3870 V ACodec  : [OMX.qcom.video.decoder.avc] calling emptyBuffer 1 w/ time 1299687 us
01-12 10:42:40.429  3419  3419 D MainActivity: got frame, size 3133440/1133687/33/0
01-12 10:42:40.442  3419  3419 V MainActivity: output will be saved as /sdcard/Pictures/output_33.yuv
01-12 10:42:40.450  3419  3870 V ACodec  : [OMX.qcom.video.decoder.avc] onOMXEmptyBufferDone 4
01-12 10:42:40.453   701  3873 E C2DColorConvert: unknown format passed for luma alignment number
01-12 10:42:40.454  3419  3870 V ACodec  : [OMX.qcom.video.decoder.avc] onOMXFillBufferDone 27 time 1199687 us, flags = 0x00000000
01-12 10:42:40.458  3419  3870 V ACodec  : [OMX.qcom.video.decoder.avc] calling fillBuffer 25
01-12 10:42:40.461  3419  3419 I @@@@    : read sample 39:0 @ 1433687 size 55377
01-12 10:42:40.462  3419  3870 V ACodec  : [OMX.qcom.video.decoder.avc] calling emptyBuffer 2 w/ time 1433687 us
01-12 10:42:40.462  3419  3419 D MainActivity: got frame, size 3133440/1166687/34/0
01-12 10:42:40.476  3419  3419 V MainActivity: output will be saved as /sdcard/Pictures/output_34.yuv
01-12 10:42:40.483  3419  3870 V ACodec  : [OMX.qcom.video.decoder.avc] onOMXEmptyBufferDone 1
01-12 10:42:40.485   701  3873 E C2DColorConvert: unknown format passed for luma alignment number
01-12 10:42:40.486  3419  3870 V ACodec  : [OMX.qcom.video.decoder.avc] onOMXFillBufferDone 28 time 1233687 us, flags = 0x00000000
01-12 10:42:40.493  3419  3870 V ACodec  : [OMX.qcom.video.decoder.avc] calling fillBuffer 26
01-12 10:42:40.494  3419  3419 I @@@@    : read sample 40:0 @ 1366687 size 14598
01-12 10:42:40.494  3419  3870 V ACodec  : [OMX.qcom.video.decoder.avc] calling emptyBuffer 3 w/ time 1366687 us
01-12 10:42:40.495  3419  3419 D MainActivity: got frame, size 3133440/1199687/35/0
01-12 10:42:40.512  3419  3419 V MainActivity: output will be saved as /sdcard/Pictures/output_35.yuv
01-12 10:42:40.519   701  3873 E C2DColorConvert: unknown format passed for luma alignment number
01-12 10:42:40.522  3419  3870 V ACodec  : [OMX.qcom.video.decoder.avc] onOMXFillBufferDone 24 time 1266687 us, flags = 0x00000000
01-12 10:42:40.523   701  3873 E C2DColorConvert: unknown format passed for luma alignment number
01-12 10:42:40.525  3419  3870 V ACodec  : [OMX.qcom.video.decoder.avc] onOMXFillBufferDone 25 time 1299687 us, flags = 0x00000000
01-12 10:42:40.525  3419  3870 V ACodec  : [OMX.qcom.video.decoder.avc] onOMXEmptyBufferDone 2
01-12 10:42:40.531  3419  3870 V ACodec  : [OMX.qcom.video.decoder.avc] calling fillBuffer 27
01-12 10:42:40.531  3419  3419 I @@@@    : read sample 41:0 @ 1399687 size 12327
01-12 10:42:40.532  3419  3870 V ACodec  : [OMX.qcom.video.decoder.avc] calling emptyBuffer 4 w/ time 1399687 us
01-12 10:42:40.532  3419  3419 D MainActivity: got frame, size 3133440/1233687/36/0
01-12 10:42:40.547  3419  3419 V MainActivity: output will be saved as /sdcard/Pictures/output_36.yuv
01-12 10:42:40.554  3419  3870 V ACodec  : [OMX.qcom.video.decoder.avc] onOMXEmptyBufferDone 3
01-12 10:42:40.563  3419  3870 V ACodec  : [OMX.qcom.video.decoder.avc] calling fillBuffer 28
01-12 10:42:40.565  3419  3419 I @@@@    : read sample 42:0 @ 1566687 size 101433
01-12 10:42:40.565  3419  3870 V ACodec  : [OMX.qcom.video.decoder.avc] calling emptyBuffer 1 w/ time 1566687 us
01-12 10:42:40.565  3419  3419 D MainActivity: got frame, size 3133440/1266687/37/0
01-12 10:42:40.581  3419  3419 V MainActivity: output will be saved as /sdcard/Pictures/output_37.yuv
01-12 10:42:40.591   701  3873 E C2DColorConvert: unknown format passed for luma alignment number
01-12 10:42:40.592  3419  3870 V ACodec  : [OMX.qcom.video.decoder.avc] onOMXFillBufferDone 23 time 1333687 us, flags = 0x00000000
01-12 10:42:40.592  3419  3870 V ACodec  : [OMX.qcom.video.decoder.avc] onOMXEmptyBufferDone 4
01-12 10:42:40.599  3419  3870 V ACodec  : [OMX.qcom.video.decoder.avc] calling fillBuffer 24
01-12 10:42:40.600  3419  3419 I @@@@    : read sample 43:0 @ 1499687 size 24613
01-12 10:42:40.600  3419  3870 V ACodec  : [OMX.qcom.video.decoder.avc] calling emptyBuffer 2 w/ time 1499687 us
01-12 10:42:40.600  3419  3419 D MainActivity: got frame, size 3133440/1299687/38/0
01-12 10:42:40.614  3419  3419 V MainActivity: output will be saved as /sdcard/Pictures/output_38.yuv
01-12 10:42:40.628   701  3873 E C2DColorConvert: unknown format passed for luma alignment number
01-12 10:42:40.631  3419  3870 V ACodec  : [OMX.qcom.video.decoder.avc] onOMXFillBufferDone 27 time 1366687 us, flags = 0x00000000
01-12 10:42:40.632  3419  3870 V ACodec  : [OMX.qcom.video.decoder.avc] calling fillBuffer 25
01-12 10:42:40.633  3419  3419 I @@@@    : read sample 44:0 @ 1466687 size 13174
01-12 10:42:40.633  3419  3870 V ACodec  : [OMX.qcom.video.decoder.avc] calling emptyBuffer 3 w/ time 1466687 us
01-12 10:42:40.633   701  3873 E C2DColorConvert: unknown format passed for luma alignment number
01-12 10:42:40.634  3419  3419 D MainActivity: got frame, size 3133440/1333687/39/0
01-12 10:42:40.637  3419  3870 V ACodec  : [OMX.qcom.video.decoder.avc] onOMXFillBufferDone 28 time 1399687 us, flags = 0x00000000
01-12 10:42:40.637  3419  3870 V ACodec  : [OMX.qcom.video.decoder.avc] onOMXEmptyBufferDone 1
01-12 10:42:40.647  3419  3419 V MainActivity: output will be saved as /sdcard/Pictures/output_39.yuv
01-12 10:42:40.656  3419  3870 V ACodec  : [OMX.qcom.video.decoder.avc] onOMXEmptyBufferDone 2
01-12 10:42:40.664  3419  3870 V ACodec  : [OMX.qcom.video.decoder.avc] calling fillBuffer 23
01-12 10:42:40.665  3419  3419 I @@@@    : read sample 45:0 @ 1533687 size 14540
01-12 10:42:40.666  3419  3870 V ACodec  : [OMX.qcom.video.decoder.avc] calling emptyBuffer 4 w/ time 1533687 us
01-12 10:42:40.666  3419  3419 D MainActivity: got frame, size 3133440/1366687/40/0
01-12 10:42:40.685  3419  3419 V MainActivity: output will be saved as /sdcard/Pictures/output_40.yuv
01-12 10:42:40.690   701  3873 E C2DColorConvert: unknown format passed for luma alignment number
01-12 10:42:40.691  3419  3870 V ACodec  : [OMX.qcom.video.decoder.avc] onOMXFillBufferDone 26 time 1433687 us, flags = 0x00000000
01-12 10:42:40.691  3419  3870 V ACodec  : [OMX.qcom.video.decoder.avc] onOMXEmptyBufferDone 3
01-12 10:42:40.705  3419  3870 V ACodec  : [OMX.qcom.video.decoder.avc] calling fillBuffer 27
01-12 10:42:40.707  3419  3419 I @@@@    : read sample 46:0 @ 1699687 size 131607
01-12 10:42:40.708  3419  3870 V ACodec  : [OMX.qcom.video.decoder.avc] calling emptyBuffer 1 w/ time 1699687 us
01-12 10:42:40.708  3419  3419 D MainActivity: got frame, size 3133440/1399687/41/0
01-12 10:42:40.718  3419  3870 V ACodec  : [OMX.qcom.video.decoder.avc] onOMXEmptyBufferDone 4
01-12 10:42:40.722   701  3873 E C2DColorConvert: unknown format passed for luma alignment number
01-12 10:42:40.724  3419  3870 V ACodec  : [OMX.qcom.video.decoder.avc] onOMXFillBufferDone 23 time 1466687 us, flags = 0x00000000
01-12 10:42:40.724  3419  3419 V MainActivity: output will be saved as /sdcard/Pictures/output_41.yuv
01-12 10:42:40.741  3419  3870 V ACodec  : [OMX.qcom.video.decoder.avc] calling fillBuffer 28
01-12 10:42:40.743  3419  3419 I @@@@    : read sample 47:0 @ 1633687 size 29499
01-12 10:42:40.743  3419  3870 V ACodec  : [OMX.qcom.video.decoder.avc] calling emptyBuffer 2 w/ time 1633687 us
01-12 10:42:40.744  3419  3419 D MainActivity: got frame, size 3133440/1433687/42/0
01-12 10:42:40.759  3419  3419 V MainActivity: output will be saved as /sdcard/Pictures/output_42.yuv
01-12 10:42:40.777   701  3873 E C2DColorConvert: unknown format passed for luma alignment number
01-12 10:42:40.778  3419  3870 V ACodec  : [OMX.qcom.video.decoder.avc] onOMXFillBufferDone 25 time 1499687 us, flags = 0x00000000
01-12 10:42:40.779  3419  3870 V ACodec  : [OMX.qcom.video.decoder.avc] calling fillBuffer 26
01-12 10:42:40.781  3419  3419 I @@@@    : read sample 48:0 @ 1599687 size 16999
01-12 10:42:40.781  3419  3870 V ACodec  : [OMX.qcom.video.decoder.avc] calling emptyBuffer 3 w/ time 1599687 us
01-12 10:42:40.781   701  3873 E C2DColorConvert: unknown format passed for luma alignment number
01-12 10:42:40.782  3419  3870 V ACodec  : [OMX.qcom.video.decoder.avc] onOMXFillBufferDone 27 time 1533687 us, flags = 0x00000000
01-12 10:42:40.782  3419  3870 V ACodec  : [OMX.qcom.video.decoder.avc] onOMXEmptyBufferDone 1
01-12 10:42:40.782  3419  3419 D MainActivity: got frame, size 3133440/1466687/43/0
01-12 10:42:40.798  3419  3419 V MainActivity: output will be saved as /sdcard/Pictures/output_43.yuv
01-12 10:42:40.803  3419  3870 V ACodec  : [OMX.qcom.video.decoder.avc] onOMXEmptyBufferDone 2
01-12 10:42:40.814  3419  3870 V ACodec  : [OMX.qcom.video.decoder.avc] calling fillBuffer 23
01-12 10:42:40.815  3419  3419 I @@@@    : read sample 49:0 @ 1666687 size 18216
01-12 10:42:40.815  3419  3870 V ACodec  : [OMX.qcom.video.decoder.avc] calling emptyBuffer 4 w/ time 1666687 us
01-12 10:42:40.815  3419  3419 D MainActivity: got frame, size 3133440/1499687/44/0
01-12 10:42:40.830  3419  3419 V MainActivity: output will be saved as /sdcard/Pictures/output_44.yuv
01-12 10:42:40.836  3419  3870 V ACodec  : [OMX.qcom.video.decoder.avc] onOMXEmptyBufferDone 3
01-12 10:42:40.841   701  3873 E C2DColorConvert: unknown format passed for luma alignment number
01-12 10:42:40.842  3419  3870 V ACodec  : [OMX.qcom.video.decoder.avc] onOMXFillBufferDone 24 time 1566687 us, flags = 0x00000000
01-12 10:42:40.847  3419  3870 V ACodec  : [OMX.qcom.video.decoder.avc] calling fillBuffer 25
01-12 10:42:40.849  3419  3419 I @@@@    : read sample 50:0 @ 1799687 size 142876
01-12 10:42:40.850  3419  3870 V ACodec  : [OMX.qcom.video.decoder.avc] calling emptyBuffer 1 w/ time 1799687 us
01-12 10:42:40.850  3419  3419 D MainActivity: got frame, size 3133440/1533687/45/0
01-12 10:42:40.861  3419  3870 V ACodec  : [OMX.qcom.video.decoder.avc] onOMXEmptyBufferDone 4
01-12 10:42:40.864   701  3873 E C2DColorConvert: unknown format passed for luma alignment number
01-12 10:42:40.866  3419  3870 V ACodec  : [OMX.qcom.video.decoder.avc] onOMXFillBufferDone 23 time 1599687 us, flags = 0x00000000
01-12 10:42:40.868  3419  3419 V MainActivity: output will be saved as /sdcard/Pictures/output_45.yuv
01-12 10:42:40.887  3419  3870 V ACodec  : [OMX.qcom.video.decoder.avc] calling fillBuffer 27
01-12 10:42:40.889  3419  3419 I @@@@    : read sample 51:0 @ 1733687 size 25935
01-12 10:42:40.889  3419  3870 V ACodec  : [OMX.qcom.video.decoder.avc] calling emptyBuffer 2 w/ time 1733687 us
01-12 10:42:40.890  3419  3419 D MainActivity: got frame, size 3133440/1566687/46/0
01-12 10:42:40.905  3419  3419 V MainActivity: output will be saved as /sdcard/Pictures/output_46.yuv
01-12 10:42:40.919  3419  3870 V ACodec  : [OMX.qcom.video.decoder.avc] onOMXEmptyBufferDone 1
01-12 10:42:40.922   701  3873 E C2DColorConvert: unknown format passed for luma alignment number
01-12 10:42:40.923  3419  3870 V ACodec  : [OMX.qcom.video.decoder.avc] calling fillBuffer 24
01-12 10:42:40.924  3419  3419 I @@@@    : read sample 52:0 @ 1766687 size 21032
01-12 10:42:40.924  3419  3870 V ACodec  : [OMX.qcom.video.decoder.avc] calling emptyBuffer 3 w/ time 1766687 us
01-12 10:42:40.924  3419  3419 D MainActivity: got frame, size 3133440/1599687/47/0
01-12 10:42:40.924  3419  3870 V ACodec  : [OMX.qcom.video.decoder.avc] onOMXFillBufferDone 26 time 1633687 us, flags = 0x00000000
01-12 10:42:40.929   701  3873 E C2DColorConvert: unknown format passed for luma alignment number
01-12 10:42:40.931  3419  3870 V ACodec  : [OMX.qcom.video.decoder.avc] onOMXFillBufferDone 25 time 1666687 us, flags = 0x00000000
01-12 10:42:40.941  3419  3419 V MainActivity: output will be saved as /sdcard/Pictures/output_47.yuv
01-12 10:42:40.951  3419  3870 V ACodec  : [OMX.qcom.video.decoder.avc] onOMXEmptyBufferDone 2
01-12 10:42:40.959  3419  3870 V ACodec  : [OMX.qcom.video.decoder.avc] calling fillBuffer 23
01-12 10:42:40.960  3419  3419 I @@@@    : read sample 53:0 @ 1899687 size 148729
01-12 10:42:40.960  3419  3870 V ACodec  : [OMX.qcom.video.decoder.avc] calling emptyBuffer 4 w/ time 1899687 us
01-12 10:42:40.960  3419  3419 D MainActivity: got frame, size 3133440/1633687/48/0
01-12 10:42:40.975   701  3873 E C2DColorConvert: unknown format passed for luma alignment number
01-12 10:42:40.976  3419  3870 V ACodec  : [OMX.qcom.video.decoder.avc] onOMXFillBufferDone 28 time 1699687 us, flags = 0x00000000
01-12 10:42:40.976  3419  3870 V ACodec  : [OMX.qcom.video.decoder.avc] onOMXEmptyBufferDone 3
01-12 10:42:40.976  3419  3419 V MainActivity: output will be saved as /sdcard/Pictures/output_48.yuv
01-12 10:42:40.993  3419  3870 V ACodec  : [OMX.qcom.video.decoder.avc] calling fillBuffer 26
01-12 10:42:40.994  3419  3419 I @@@@    : read sample 54:0 @ 1833687 size 26691
01-12 10:42:40.994  3419  3870 V ACodec  : [OMX.qcom.video.decoder.avc] calling emptyBuffer 1 w/ time 1833687 us
01-12 10:42:40.995  3419  3419 D MainActivity: got frame, size 3133440/1666687/49/0
01-12 10:42:41.010  3419  3419 V MainActivity: output will be saved as /sdcard/Pictures/output_49.yuv
01-12 10:42:41.029  3419  3870 V ACodec  : [OMX.qcom.video.decoder.avc] calling fillBuffer 25
01-12 10:42:41.031   701  3873 E C2DColorConvert: unknown format passed for luma alignment number
01-12 10:42:41.032  3419  3419 I @@@@    : read sample 55:0 @ 1866687 size 21930
01-12 10:42:41.032  3419  3870 V ACodec  : [OMX.qcom.video.decoder.avc] calling emptyBuffer 2 w/ time 1866687 us
01-12 10:42:41.033  3419  3419 D MainActivity: got frame, size 3133440/1699687/50/0
01-12 10:42:41.034  3419  3870 V ACodec  : [OMX.qcom.video.decoder.avc] onOMXFillBufferDone 24 time 1733687 us, flags = 0x00000000
01-12 10:42:41.035   701  3873 E C2DColorConvert: unknown format passed for luma alignment number
01-12 10:42:41.039  3419  3870 V ACodec  : [OMX.qcom.video.decoder.avc] onOMXFillBufferDone 23 time 1766687 us, flags = 0x00000000
01-12 10:42:41.041  3419  3870 V ACodec  : [OMX.qcom.video.decoder.avc] onOMXEmptyBufferDone 4
01-12 10:42:41.056  3419  3419 V MainActivity: output will be saved as /sdcard/Pictures/output_50.yuv
01-12 10:42:41.061  3419  3870 V ACodec  : [OMX.qcom.video.decoder.avc] onOMXEmptyBufferDone 1
01-12 10:42:41.076  3419  3870 V ACodec  : [OMX.qcom.video.decoder.avc] calling fillBuffer 28
01-12 10:42:41.077  3419  3419 I @@@@    : read sample 56:0 @ 1999687 size 153388
01-12 10:42:41.077  3419  3870 V ACodec  : [OMX.qcom.video.decoder.avc] calling emptyBuffer 3 w/ time 1999687 us
01-12 10:42:41.078  3419  3419 D MainActivity: got frame, size 3133440/1733687/51/0
01-12 10:42:41.092   701  3873 E C2DColorConvert: unknown format passed for luma alignment number
01-12 10:42:41.093  3419  3419 V MainActivity: output will be saved as /sdcard/Pictures/output_51.yuv
01-12 10:42:41.093  3419  3870 V ACodec  : [OMX.qcom.video.decoder.avc] onOMXFillBufferDone 27 time 1799687 us, flags = 0x00000000
01-12 10:42:41.093  3419  3870 V ACodec  : [OMX.qcom.video.decoder.avc] onOMXEmptyBufferDone 2
01-12 10:42:41.110  3419  3870 V ACodec  : [OMX.qcom.video.decoder.avc] calling fillBuffer 24
01-12 10:42:41.111  3419  3419 I @@@@    : read sample 57:0 @ 1933687 size 27397
01-12 10:42:41.111  3419  3870 V ACodec  : [OMX.qcom.video.decoder.avc] calling emptyBuffer 4 w/ time 1933687 us
01-12 10:42:41.111  3419  3419 D MainActivity: got frame, size 3133440/1766687/52/0
01-12 10:42:41.126  3419  3419 V MainActivity: output will be saved as /sdcard/Pictures/output_52.yuv
01-12 10:42:41.144  3419  3870 V ACodec  : [OMX.qcom.video.decoder.avc] calling fillBuffer 23
01-12 10:42:41.144  3419  3870 V ACodec  : [OMX.qcom.video.decoder.avc] onOMXEmptyBufferDone 3
01-12 10:42:41.146  3419  3419 I @@@@    : read sample 58:0 @ 1966687 size 22586
01-12 10:42:41.146  3419  3870 V ACodec  : [OMX.qcom.video.decoder.avc] calling emptyBuffer 1 w/ time 1966687 us
01-12 10:42:41.147  3419  3419 D MainActivity: got frame, size 3133440/1799687/53/0
01-12 10:42:41.148   701  3873 E C2DColorConvert: unknown format passed for luma alignment number
01-12 10:42:41.150  3419  3870 V ACodec  : [OMX.qcom.video.decoder.avc] onOMXFillBufferDone 25 time 1833687 us, flags = 0x00000000
01-12 10:42:41.156   701  3873 E C2DColorConvert: unknown format passed for luma alignment number
01-12 10:42:41.157  3419  3870 V ACodec  : [OMX.qcom.video.decoder.avc] onOMXFillBufferDone 28 time 1866687 us, flags = 0x00000000
01-12 10:42:41.163  3419  3419 V MainActivity: output will be saved as /sdcard/Pictures/output_53.yuv
01-12 10:42:41.171  3419  3870 V ACodec  : [OMX.qcom.video.decoder.avc] onOMXEmptyBufferDone 4
01-12 10:42:41.179  3419  3870 V ACodec  : [OMX.qcom.video.decoder.avc] calling fillBuffer 27
01-12 10:42:41.183  3419  3419 I @@@@    : read sample 59:0 @ 2099687 size 157962
01-12 10:42:41.183  3419  3870 V ACodec  : [OMX.qcom.video.decoder.avc] calling emptyBuffer 2 w/ time 2099687 us
01-12 10:42:41.184  3419  3419 D MainActivity: got frame, size 3133440/1833687/54/0
01-12 10:42:41.197   701  3873 E C2DColorConvert: unknown format passed for luma alignment number
01-12 10:42:41.197  3419  3419 V MainActivity: output will be saved as /sdcard/Pictures/output_54.yuv
01-12 10:42:41.198  3419  3870 V ACodec  : [OMX.qcom.video.decoder.avc] onOMXFillBufferDone 26 time 1899687 us, flags = 0x00000000
01-12 10:42:41.198  3419  3870 V ACodec  : [OMX.qcom.video.decoder.avc] onOMXEmptyBufferDone 1
01-12 10:42:41.214  3419  3870 V ACodec  : [OMX.qcom.video.decoder.avc] calling fillBuffer 25
01-12 10:42:41.216  3419  3419 I @@@@    : read sample 60:0 @ 2033687 size 27977
01-12 10:42:41.216  3419  3870 V ACodec  : [OMX.qcom.video.decoder.avc] calling emptyBuffer 3 w/ time 2033687 us
01-12 10:42:41.216  3419  3419 D MainActivity: got frame, size 3133440/1866687/55/0
01-12 10:42:41.233  3419  3419 V MainActivity: output will be saved as /sdcard/Pictures/output_55.yuv
01-12 10:42:41.250  3419  3870 V ACodec  : [OMX.qcom.video.decoder.avc] calling fillBuffer 28
01-12 10:42:41.252  3419  3419 I @@@@    : read sample 61:0 @ 2066687 size 23012
01-12 10:42:41.252  3419  3870 V ACodec  : [OMX.qcom.video.decoder.avc] calling emptyBuffer 4 w/ time 2066687 us
01-12 10:42:41.252  3419  3419 D MainActivity: got frame, size 3133440/1899687/56/0
01-12 10:42:41.253   701  3873 E C2DColorConvert: unknown format passed for luma alignment number
01-12 10:42:41.255  3419  3870 V ACodec  : [OMX.qcom.video.decoder.avc] onOMXFillBufferDone 23 time 1933687 us, flags = 0x00000000
01-12 10:42:41.257   701  3873 E C2DColorConvert: unknown format passed for luma alignment number
01-12 10:42:41.258  3419  3870 V ACodec  : [OMX.qcom.video.decoder.avc] onOMXFillBufferDone 27 time 1966687 us, flags = 0x00000000
01-12 10:42:41.259  3419  3870 V ACodec  : [OMX.qcom.video.decoder.avc] onOMXEmptyBufferDone 2
01-12 10:42:41.267  3419  3419 V MainActivity: output will be saved as /sdcard/Pictures/output_56.yuv
01-12 10:42:41.279  3419  3870 V ACodec  : [OMX.qcom.video.decoder.avc] onOMXEmptyBufferDone 3
01-12 10:42:41.284  3419  3870 V ACodec  : [OMX.qcom.video.decoder.avc] calling fillBuffer 26
01-12 10:42:41.286  3419  3419 I @@@@    : read sample 62:0 @ 2199687 size 194024
01-12 10:42:41.286  3419  3870 V ACodec  : [OMX.qcom.video.decoder.avc] calling emptyBuffer 1 w/ time 2199687 us
01-12 10:42:41.286  3419  3419 D MainActivity: got frame, size 3133440/1933687/57/0
01-12 10:42:41.301   701  3873 E C2DColorConvert: unknown format passed for luma alignment number
01-12 10:42:41.301  3419  3419 V MainActivity: output will be saved as /sdcard/Pictures/output_57.yuv
01-12 10:42:41.302  3419  3870 V ACodec  : [OMX.qcom.video.decoder.avc] onOMXFillBufferDone 24 time 1999687 us, flags = 0x00000000
01-12 10:42:41.302  3419  3870 V ACodec  : [OMX.qcom.video.decoder.avc] onOMXEmptyBufferDone 4
01-12 10:42:41.320  3419  3870 V ACodec  : [OMX.qcom.video.decoder.avc] calling fillBuffer 23
01-12 10:42:41.322  3419  3419 I @@@@    : read sample 63:0 @ 2133687 size 32723
01-12 10:42:41.322  3419  3870 V ACodec  : [OMX.qcom.video.decoder.avc] calling emptyBuffer 2 w/ time 2133687 us
01-12 10:42:41.326  3419  3419 D MainActivity: got frame, size 3133440/1966687/58/0
01-12 10:42:41.340  3419  3419 V MainActivity: output will be saved as /sdcard/Pictures/output_58.yuv
01-12 10:42:41.356  3419  3870 V ACodec  : [OMX.qcom.video.decoder.avc] calling fillBuffer 27
01-12 10:42:41.357  3419  3419 I @@@@    : read sample 64:0 @ 2166687 size 27615
01-12 10:42:41.358  3419  3870 V ACodec  : [OMX.qcom.video.decoder.avc] onOMXEmptyBufferDone 1
01-12 10:42:41.358  3419  3870 V ACodec  : [OMX.qcom.video.decoder.avc] calling emptyBuffer 3 w/ time 2166687 us
01-12 10:42:41.359  3419  3419 D MainActivity: got frame, size 3133440/1999687/59/0
01-12 10:42:41.361   701  3873 E C2DColorConvert: unknown format passed for luma alignment number
01-12 10:42:41.363  3419  3870 V ACodec  : [OMX.qcom.video.decoder.avc] onOMXFillBufferDone 28 time 2033687 us, flags = 0x00000000
01-12 10:42:41.365   701  3873 E C2DColorConvert: unknown format passed for luma alignment number
01-12 10:42:41.366  3419  3870 V ACodec  : [OMX.qcom.video.decoder.avc] onOMXFillBufferDone 26 time 2066687 us, flags = 0x00000000
01-12 10:42:41.373  3419  3419 V MainActivity: output will be saved as /sdcard/Pictures/output_59.yuv
01-12 10:42:41.379  3419  3870 V ACodec  : [OMX.qcom.video.decoder.avc] onOMXEmptyBufferDone 2
01-12 10:42:41.389  3419  3870 V ACodec  : [OMX.qcom.video.decoder.avc] calling fillBuffer 24
01-12 10:42:41.392  3419  3419 I @@@@    : read sample 65:0 @ 2299687 size 192647
01-12 10:42:41.392  3419  3870 V ACodec  : [OMX.qcom.video.decoder.avc] calling emptyBuffer 4 w/ time 2299687 us
01-12 10:42:41.393  3419  3419 D MainActivity: got frame, size 3133440/2033687/60/0
01-12 10:42:41.406   701  3873 E C2DColorConvert: unknown format passed for luma alignment number
01-12 10:42:41.408  3419  3870 V ACodec  : [OMX.qcom.video.decoder.avc] onOMXFillBufferDone 25 time 2099687 us, flags = 0x00000000
01-12 10:42:41.408  3419  3870 V ACodec  : [OMX.qcom.video.decoder.avc] onOMXEmptyBufferDone 3
01-12 10:42:41.410  3419  3419 V MainActivity: output will be saved as /sdcard/Pictures/output_60.yuv
01-12 10:42:41.426  3419  3870 V ACodec  : [OMX.qcom.video.decoder.avc] calling fillBuffer 28
01-12 10:42:41.428  3419  3419 I @@@@    : read sample 66:0 @ 2233687 size 34575
01-12 10:42:41.428  3419  3870 V ACodec  : [OMX.qcom.video.decoder.avc] calling emptyBuffer 1 w/ time 2233687 us
01-12 10:42:41.429  3419  3419 D MainActivity: got frame, size 3133440/2066687/61/0
01-12 10:42:41.444  3419  3419 V MainActivity: output will be saved as /sdcard/Pictures/output_61.yuv
01-12 10:42:41.460  3419  3870 V ACodec  : [OMX.qcom.video.decoder.avc] calling fillBuffer 26
01-12 10:42:41.461  3419  3419 I @@@@    : read sample 67:0 @ 2266687 size 29374
01-12 10:42:41.461  3419  3870 V ACodec  : [OMX.qcom.video.decoder.avc] calling emptyBuffer 2 w/ time 2266687 us
01-12 10:42:41.461  3419  3419 D MainActivity: got frame, size 3133440/2099687/62/0
01-12 10:42:41.466  3419  3870 V ACodec  : [OMX.qcom.video.decoder.avc] onOMXEmptyBufferDone 4
01-12 10:42:41.470   701  3873 E C2DColorConvert: unknown format passed for luma alignment number
01-12 10:42:41.471  3419  3870 V ACodec  : [OMX.qcom.video.decoder.avc] onOMXFillBufferDone 27 time 2133687 us, flags = 0x00000000
01-12 10:42:41.475   701  3873 E C2DColorConvert: unknown format passed for luma alignment number
01-12 10:42:41.476  3419  3870 V ACodec  : [OMX.qcom.video.decoder.avc] onOMXFillBufferDone 24 time 2166687 us, flags = 0x00000000
01-12 10:42:41.476  3419  3419 V MainActivity: output will be saved as /sdcard/Pictures/output_62.yuv
01-12 10:42:41.487  3419  3870 V ACodec  : [OMX.qcom.video.decoder.avc] onOMXEmptyBufferDone 1
01-12 10:42:41.494  3419  3870 V ACodec  : [OMX.qcom.video.decoder.avc] calling fillBuffer 25
01-12 10:42:41.496  3419  3419 I @@@@    : read sample 68:0 @ 2399687 size 199657
01-12 10:42:41.496  3419  3870 V ACodec  : [OMX.qcom.video.decoder.avc] calling emptyBuffer 3 w/ time 2399687 us
01-12 10:42:41.497  3419  3419 D MainActivity: got frame, size 3133440/2133687/63/0
01-12 10:42:41.511   701  3873 E C2DColorConvert: unknown format passed for luma alignment number
01-12 10:42:41.511  3419  3419 V MainActivity: output will be saved as /sdcard/Pictures/output_63.yuv
01-12 10:42:41.512  3419  3870 V ACodec  : [OMX.qcom.video.decoder.avc] onOMXFillBufferDone 23 time 2199687 us, flags = 0x00000000
01-12 10:42:41.513  3419  3870 V ACodec  : [OMX.qcom.video.decoder.avc] onOMXEmptyBufferDone 2
01-12 10:42:41.529  3419  3870 V ACodec  : [OMX.qcom.video.decoder.avc] calling fillBuffer 27
01-12 10:42:41.530  3419  3419 I @@@@    : read sample 69:0 @ 2333687 size 35068
01-12 10:42:41.531  3419  3870 V ACodec  : [OMX.qcom.video.decoder.avc] calling emptyBuffer 4 w/ time 2333687 us
01-12 10:42:41.531  3419  3419 D MainActivity: got frame, size 3133440/2166687/64/0
01-12 10:42:41.544  3419  3419 V MainActivity: output will be saved as /sdcard/Pictures/output_64.yuv
01-12 10:42:41.561  3419  3870 V ACodec  : [OMX.qcom.video.decoder.avc] calling fillBuffer 24
01-12 10:42:41.563  3419  3419 I @@@@    : read sample 70:0 @ 2366687 size 29704
01-12 10:42:41.564  3419  3870 V ACodec  : [OMX.qcom.video.decoder.avc] calling emptyBuffer 1 w/ time 2366687 us
01-12 10:42:41.565  3419  3419 D MainActivity: got frame, size 3133440/2199687/65/0
01-12 10:42:41.571  3419  3870 V ACodec  : [OMX.qcom.video.decoder.avc] onOMXEmptyBufferDone 3
01-12 10:42:41.581   701  3873 E C2DColorConvert: unknown format passed for luma alignment number
01-12 10:42:41.583  3419  3870 V ACodec  : [OMX.qcom.video.decoder.avc] onOMXFillBufferDone 26 time 2233687 us, flags = 0x00000000
01-12 10:42:41.585  3419  3419 V MainActivity: output will be saved as /sdcard/Pictures/output_65.yuv
01-12 10:42:41.585   701  3873 E C2DColorConvert: unknown format passed for luma alignment number
01-12 10:42:41.587  3419  3870 V ACodec  : [OMX.qcom.video.decoder.avc] onOMXFillBufferDone 25 time 2266687 us, flags = 0x00000000
01-12 10:42:41.592  3419  3870 V ACodec  : [OMX.qcom.video.decoder.avc] onOMXEmptyBufferDone 4
01-12 10:42:41.601  3419  3870 V ACodec  : [OMX.qcom.video.decoder.avc] calling fillBuffer 23
01-12 10:42:41.604  3419  3419 I @@@@    : read sample 71:0 @ 2499687 size 209278
01-12 10:42:41.605  3419  3870 V ACodec  : [OMX.qcom.video.decoder.avc] calling emptyBuffer 2 w/ time 2499687 us
01-12 10:42:41.605  3419  3419 D MainActivity: got frame, size 3133440/2233687/66/0
01-12 10:42:41.619  3419  3419 V MainActivity: output will be saved as /sdcard/Pictures/output_66.yuv
01-12 10:42:41.619   701  3873 E C2DColorConvert: unknown format passed for luma alignment number
01-12 10:42:41.621  3419  3870 V ACodec  : [OMX.qcom.video.decoder.avc] onOMXFillBufferDone 28 time 2299687 us, flags = 0x00000000
01-12 10:42:41.622  3419  3870 V ACodec  : [OMX.qcom.video.decoder.avc] onOMXEmptyBufferDone 1
01-12 10:42:41.636  3419  3870 V ACodec  : [OMX.qcom.video.decoder.avc] calling fillBuffer 26
01-12 10:42:41.638  3419  3419 I @@@@    : read sample 72:0 @ 2433687 size 34331
01-12 10:42:41.638  3419  3870 V ACodec  : [OMX.qcom.video.decoder.avc] calling emptyBuffer 3 w/ time 2433687 us
01-12 10:42:41.638  3419  3419 D MainActivity: got frame, size 3133440/2266687/67/0
01-12 10:42:41.654  3419  3419 V MainActivity: output will be saved as /sdcard/Pictures/output_67.yuv
01-12 10:42:41.671  3419  3870 V ACodec  : [OMX.qcom.video.decoder.avc] calling fillBuffer 25
01-12 10:42:41.671  3419  3419 I @@@@    : read sample 73:0 @ 2466687 size 29487
01-12 10:42:41.672  3419  3870 V ACodec  : [OMX.qcom.video.decoder.avc] calling emptyBuffer 4 w/ time 2466687 us
01-12 10:42:41.672  3419  3419 D MainActivity: got frame, size 3133440/2299687/68/0
01-12 10:42:41.684   701  3873 E C2DColorConvert: unknown format passed for luma alignment number
01-12 10:42:41.685  3419  3419 V MainActivity: output will be saved as /sdcard/Pictures/output_68.yuv
01-12 10:42:41.686  3419  3870 V ACodec  : [OMX.qcom.video.decoder.avc] onOMXFillBufferDone 24 time 2333687 us, flags = 0x00000000
01-12 10:42:41.688   701  3873 E C2DColorConvert: unknown format passed for luma alignment number
01-12 10:42:41.693  3419  3870 V ACodec  : [OMX.qcom.video.decoder.avc] onOMXFillBufferDone 23 time 2366687 us, flags = 0x00000000
01-12 10:42:41.693  3419  3870 V ACodec  : [OMX.qcom.video.decoder.avc] onOMXEmptyBufferDone 2
01-12 10:42:41.699  3419  3870 V ACodec  : [OMX.qcom.video.decoder.avc] onOMXEmptyBufferDone 3
01-12 10:42:41.703  3419  3870 V ACodec  : [OMX.qcom.video.decoder.avc] calling fillBuffer 28
01-12 10:42:41.705  3419  3419 I @@@@    : read sample 74:0 @ 2633687 size 228245
01-12 10:42:41.706  3419  3870 V ACodec  : [OMX.qcom.video.decoder.avc] calling emptyBuffer 1 w/ time 2633687 us
01-12 10:42:41.706  3419  3419 D MainActivity: got frame, size 3133440/2333687/69/0
01-12 10:42:41.717  3419  3870 V ACodec  : [OMX.qcom.video.decoder.avc] onOMXEmptyBufferDone 4
01-12 10:42:41.719  3419  3419 V MainActivity: output will be saved as /sdcard/Pictures/output_69.yuv
01-12 10:42:41.722   701  3873 E C2DColorConvert: unknown format passed for luma alignment number
01-12 10:42:41.724  3419  3870 V ACodec  : [OMX.qcom.video.decoder.avc] onOMXFillBufferDone 27 time 2399687 us, flags = 0x00000000
01-12 10:42:41.736  3419  3870 V ACodec  : [OMX.qcom.video.decoder.avc] calling fillBuffer 24
01-12 10:42:41.738  3419  3419 I @@@@    : read sample 75:0 @ 2566687 size 48046
01-12 10:42:41.739  3419  3419 D MainActivity: got frame, size 3133440/2366687/70/0
01-12 10:42:41.739  3419  3870 V ACodec  : [OMX.qcom.video.decoder.avc] calling emptyBuffer 2 w/ time 2566687 us
01-12 10:42:41.745   692  1318 D audio_hw_primary: out_standby: enter: stream (0xef4f8400) usecase(1: low-latency-playback)
01-12 10:42:41.758  3419  3419 V MainActivity: output will be saved as /sdcard/Pictures/output_70.yuv
01-12 10:42:41.775  3419  3870 V ACodec  : [OMX.qcom.video.decoder.avc] calling fillBuffer 23
01-12 10:42:41.776  3419  3419 I @@@@    : read sample 76:0 @ 2533687 size 27963
01-12 10:42:41.776  3419  3870 V ACodec  : [OMX.qcom.video.decoder.avc] calling emptyBuffer 3 w/ time 2533687 us
01-12 10:42:41.777  3419  3419 D MainActivity: got frame, size 3133440/2399687/71/0
01-12 10:42:41.783  3419  3870 V ACodec  : [OMX.qcom.video.decoder.avc] onOMXEmptyBufferDone 1
01-12 10:42:41.790   701  3873 E C2DColorConvert: unknown format passed for luma alignment number
01-12 10:42:41.790  3419  3419 V MainActivity: output will be saved as /sdcard/Pictures/output_71.yuv
01-12 10:42:41.792  3419  3870 V ACodec  : [OMX.qcom.video.decoder.avc] onOMXFillBufferDone 25 time 2433687 us, flags = 0x00000000
01-12 10:42:41.796   701  3873 E C2DColorConvert: unknown format passed for luma alignment number
01-12 10:42:41.797  3419  3870 V ACodec  : [OMX.qcom.video.decoder.avc] onOMXFillBufferDone 28 time 2466687 us, flags = 0x00000000
01-12 10:42:41.804  3419  3870 V ACodec  : [OMX.qcom.video.decoder.avc] onOMXEmptyBufferDone 2
01-12 10:42:41.807  3419  3870 V ACodec  : [OMX.qcom.video.decoder.avc] calling fillBuffer 27
01-12 10:42:41.808   692  1318 D audio_hw_primary: disable_audio_route: reset and update mixer path: low-latency-playback smartpa
01-12 10:42:41.810   692  1318 D soundtrigger: audio_extn_sound_trigger_update_stream_status: uc_id 1 of type 0 for Event 2, with Raise=0
01-12 10:42:41.810   692  1318 D hardware_info: hw_info_append_hw_type : device_name = speaker
01-12 10:42:41.810   692  1318 D audio_hw_primary: disable_snd_device: snd_device(2: speaker)
01-12 10:42:41.810   692  1318 D msm8974_platform: platform_can_split_snd_device: snd_device(2) num devices(0) new_snd_devices(0)
01-12 10:42:41.810   692  1318 D aud_dev_arbi: releaseOneDevice: not sending command, device argument (2) does not match any registered device
01-12 10:42:41.810   692  1318 D aud_dev_arbi: releaseOneDevice: device 2 owner is 0
01-12 10:42:41.810   692  1318 I soundtrigger: audio_extn_sound_trigger_update_device_status: device 0x2 of type 0 for Event 0, with Raise=0
01-12 10:42:41.810   692  1318 D audio_hw_primary: out_standby: exit
01-12 10:42:41.812  3419  3419 I @@@@    : read sample 77:0 @ 2599687 size 28180
01-12 10:42:41.812  3419  3870 V ACodec  : [OMX.qcom.video.decoder.avc] calling emptyBuffer 4 w/ time 2599687 us
01-12 10:42:41.812  3419  3419 D MainActivity: got frame, size 3133440/2433687/72/0
01-12 10:42:41.828  3419  3419 V MainActivity: output will be saved as /sdcard/Pictures/output_72.yuv
01-12 10:42:41.829  3419  3870 V ACodec  : [OMX.qcom.video.decoder.avc] onOMXEmptyBufferDone 3
01-12 10:42:41.835   701  3873 E C2DColorConvert: unknown format passed for luma alignment number
01-12 10:42:41.836  3419  3870 V ACodec  : [OMX.qcom.video.decoder.avc] onOMXFillBufferDone 26 time 2499687 us, flags = 0x00000000
01-12 10:42:41.842  3419  3426 W art     : Suspending all threads took: 6.035ms
01-12 10:42:41.850  3419  3870 V ACodec  : [OMX.qcom.video.decoder.avc] calling fillBuffer 25
01-12 10:42:41.852  3419  3419 I @@@@    : read sample 78:0 @ 2733687 size 207930
01-12 10:42:41.852  3419  3870 V ACodec  : [OMX.qcom.video.decoder.avc] calling emptyBuffer 1 w/ time 2733687 us
01-12 10:42:41.852  3419  3419 D MainActivity: got frame, size 3133440/2466687/73/0
01-12 10:42:41.863  3419  3870 V ACodec  : [OMX.qcom.video.decoder.avc] onOMXEmptyBufferDone 4
01-12 10:42:41.866   701  3873 E C2DColorConvert: unknown format passed for luma alignment number
01-12 10:42:41.867  3419  3870 V ACodec  : [OMX.qcom.video.decoder.avc] onOMXFillBufferDone 27 time 2533687 us, flags = 0x00000000
01-12 10:42:41.871  3419  3419 V MainActivity: output will be saved as /sdcard/Pictures/output_73.yuv
01-12 10:42:41.888  3419  3870 V ACodec  : [OMX.qcom.video.decoder.avc] calling fillBuffer 28
01-12 10:42:41.889  3419  3419 I @@@@    : read sample 79:0 @ 2666687 size 37554
01-12 10:42:41.889  3419  3870 V ACodec  : [OMX.qcom.video.decoder.avc] calling emptyBuffer 2 w/ time 2666687 us
01-12 10:42:41.890  3419  3419 D MainActivity: got frame, size 3133440/2499687/74/0
01-12 10:42:41.905  3419  3419 V MainActivity: output will be saved as /sdcard/Pictures/output_74.yuv
01-12 10:42:41.922  3419  3870 V ACodec  : [OMX.qcom.video.decoder.avc] calling fillBuffer 26
01-12 10:42:41.924  3419  3419 I @@@@    : read sample 80:0 @ 2699687 size 30687
01-12 10:42:41.925  3419  3870 V ACodec  : [OMX.qcom.video.decoder.avc] calling emptyBuffer 3 w/ time 2699687 us
01-12 10:42:41.925  3419  3419 D MainActivity: got frame, size 3133440/2533687/75/0
01-12 10:42:41.930  3419  3870 V ACodec  : [OMX.qcom.video.decoder.avc] onOMXEmptyBufferDone 1
01-12 10:42:41.935   701  3873 E C2DColorConvert: unknown format passed for luma alignment number
01-12 10:42:41.936  3419  3870 V ACodec  : [OMX.qcom.video.decoder.avc] onOMXFillBufferDone 23 time 2566687 us, flags = 0x00000000
01-12 10:42:41.939   701  3873 E C2DColorConvert: unknown format passed for luma alignment number
01-12 10:42:41.940  3419  3870 V ACodec  : [OMX.qcom.video.decoder.avc] onOMXFillBufferDone 25 time 2599687 us, flags = 0x00000000
01-12 10:42:41.943  3419  3419 V MainActivity: output will be saved as /sdcard/Pictures/output_75.yuv
01-12 10:42:41.950  3419  3870 V ACodec  : [OMX.qcom.video.decoder.avc] onOMXEmptyBufferDone 2
01-12 10:42:41.960  3419  3870 V ACodec  : [OMX.qcom.video.decoder.avc] calling fillBuffer 27
01-12 10:42:41.961  3419  3419 I @@@@    : read sample 81:0 @ 2833687 size 214838
01-12 10:42:41.962  3419  3419 D MainActivity: got frame, size 3133440/2566687/76/0
01-12 10:42:41.962  3419  3870 V ACodec  : [OMX.qcom.video.decoder.avc] calling emptyBuffer 4 w/ time 2833687 us
01-12 10:42:41.976  3419  3419 V MainActivity: output will be saved as /sdcard/Pictures/output_76.yuv
01-12 10:42:41.980   701  3873 E C2DColorConvert: unknown format passed for luma alignment number
01-12 10:42:41.981  3419  3870 V ACodec  : [OMX.qcom.video.decoder.avc] onOMXFillBufferDone 24 time 2633687 us, flags = 0x00000000
01-12 10:42:41.981  3419  3870 V ACodec  : [OMX.qcom.video.decoder.avc] onOMXEmptyBufferDone 3
01-12 10:42:41.992  3419  3870 V ACodec  : [OMX.qcom.video.decoder.avc] calling fillBuffer 23
01-12 10:42:41.995  3419  3419 I @@@@    : read sample 82:0 @ 2766687 size 37332
01-12 10:42:41.995  3419  3419 D MainActivity: got frame, size 3133440/2599687/77/0
01-12 10:42:41.995  3419  3870 V ACodec  : [OMX.qcom.video.decoder.avc] calling emptyBuffer 1 w/ time 2766687 us
01-12 10:42:42.009  3419  3419 V MainActivity: output will be saved as /sdcard/Pictures/output_77.yuv
01-12 10:42:42.027  3419  3870 V ACodec  : [OMX.qcom.video.decoder.avc] calling fillBuffer 25
01-12 10:42:42.028  3419  3419 I @@@@    : read sample 83:0 @ 2799687 size 30417
01-12 10:42:42.028  3419  3870 V ACodec  : [OMX.qcom.video.decoder.avc] calling emptyBuffer 2 w/ time 2799687 us
01-12 10:42:42.028  3419  3419 D MainActivity: got frame, size 3133440/2633687/78/0
01-12 10:42:42.037  3419  3870 V ACodec  : [OMX.qcom.video.decoder.avc] onOMXEmptyBufferDone 4
01-12 10:42:42.041   701  3873 E C2DColorConvert: unknown format passed for luma alignment number
01-12 10:42:42.043  3419  3419 V MainActivity: output will be saved as /sdcard/Pictures/output_78.yuv
01-12 10:42:42.043  3419  3870 V ACodec  : [OMX.qcom.video.decoder.avc] onOMXFillBufferDone 26 time 2666687 us, flags = 0x00000000
01-12 10:42:42.044   701  3873 E C2DColorConvert: unknown format passed for luma alignment number
01-12 10:42:42.046  3419  3870 V ACodec  : [OMX.qcom.video.decoder.avc] onOMXFillBufferDone 27 time 2699687 us, flags = 0x00000000
01-12 10:42:42.057  3419  3870 V ACodec  : [OMX.qcom.video.decoder.avc] onOMXEmptyBufferDone 1
01-12 10:42:42.059  3419  3870 V ACodec  : [OMX.qcom.video.decoder.avc] calling fillBuffer 24
01-12 10:42:42.061  3419  3419 I @@@@    : read sample 84:0 @ 2933687 size 217160
01-12 10:42:42.061  3419  3870 V ACodec  : [OMX.qcom.video.decoder.avc] calling emptyBuffer 3 w/ time 2933687 us
01-12 10:42:42.061  3419  3419 D MainActivity: got frame, size 3133440/2666687/79/0
01-12 10:42:42.075  3419  3419 V MainActivity: output will be saved as /sdcard/Pictures/output_79.yuv
01-12 10:42:42.077   701  3873 E C2DColorConvert: unknown format passed for luma alignment number
01-12 10:42:42.078  3419  3870 V ACodec  : [OMX.qcom.video.decoder.avc] onOMXFillBufferDone 28 time 2733687 us, flags = 0x00000000
01-12 10:42:42.078  3419  3870 V ACodec  : [OMX.qcom.video.decoder.avc] onOMXEmptyBufferDone 2
01-12 10:42:42.092  3419  3870 V ACodec  : [OMX.qcom.video.decoder.avc] calling fillBuffer 26
01-12 10:42:42.095  3419  3419 I @@@@    : read sample 85:0 @ 2866687 size 36988
01-12 10:42:42.095  3419  3870 V ACodec  : [OMX.qcom.video.decoder.avc] calling emptyBuffer 4 w/ time 2866687 us
01-12 10:42:42.095  3419  3419 D MainActivity: got frame, size 3133440/2699687/80/0
01-12 10:42:42.116  3419  3419 V MainActivity: output will be saved as /sdcard/Pictures/output_80.yuv
01-12 10:42:42.134  3419  3870 V ACodec  : [OMX.qcom.video.decoder.avc] calling fillBuffer 27
01-12 10:42:42.136  3419  3870 V ACodec  : [OMX.qcom.video.decoder.avc] onOMXEmptyBufferDone 3
01-12 10:42:42.137  3419  3419 I @@@@    : read sample 86:0 @ 2899687 size 32118
01-12 10:42:42.137  3419  3870 V ACodec  : [OMX.qcom.video.decoder.avc] calling emptyBuffer 1 w/ time 2899687 us
01-12 10:42:42.138  3419  3419 D MainActivity: got frame, size 3133440/2733687/81/0
01-12 10:42:42.138   701  3873 E C2DColorConvert: unknown format passed for luma alignment number
01-12 10:42:42.142  3419  3870 V ACodec  : [OMX.qcom.video.decoder.avc] onOMXFillBufferDone 25 time 2766687 us, flags = 0x00000000
01-12 10:42:42.143   701  3873 E C2DColorConvert: unknown format passed for luma alignment number
01-12 10:42:42.144  3419  3870 V ACodec  : [OMX.qcom.video.decoder.avc] onOMXFillBufferDone 24 time 2799687 us, flags = 0x00000000
01-12 10:42:42.154  3419  3419 V MainActivity: output will be saved as /sdcard/Pictures/output_81.yuv
01-12 10:42:42.159  3419  3870 V ACodec  : [OMX.qcom.video.decoder.avc] onOMXEmptyBufferDone 4
01-12 10:42:42.173  3419  3870 V ACodec  : [OMX.qcom.video.decoder.avc] calling fillBuffer 28
01-12 10:42:42.175  3419  3419 I @@@@    : read sample 87:0 @ 3033687 size 219901
01-12 10:42:42.176  3419  3870 V ACodec  : [OMX.qcom.video.decoder.avc] calling emptyBuffer 2 w/ time 3033687 us
01-12 10:42:42.176  3419  3419 D MainActivity: got frame, size 3133440/2766687/82/0
01-12 10:42:42.189   701  3873 E C2DColorConvert: unknown format passed for luma alignment number
01-12 10:42:42.191  3419  3419 V MainActivity: output will be saved as /sdcard/Pictures/output_82.yuv
01-12 10:42:42.192  3419  3870 V ACodec  : [OMX.qcom.video.decoder.avc] onOMXFillBufferDone 23 time 2833687 us, flags = 0x00000000
01-12 10:42:42.192  3419  3870 V ACodec  : [OMX.qcom.video.decoder.avc] onOMXEmptyBufferDone 1
01-12 10:42:42.209  3419  3870 V ACodec  : [OMX.qcom.video.decoder.avc] calling fillBuffer 25
01-12 10:42:42.210  3419  3419 I @@@@    : read sample 88:0 @ 2966687 size 36952
01-12 10:42:42.210  3419  3870 V ACodec  : [OMX.qcom.video.decoder.avc] calling emptyBuffer 3 w/ time 2966687 us
01-12 10:42:42.210  3419  3419 D MainActivity: got frame, size 3133440/2799687/83/0
01-12 10:42:42.226  3419  3419 V MainActivity: output will be saved as /sdcard/Pictures/output_83.yuv
01-12 10:42:42.246  3419  3870 V ACodec  : [OMX.qcom.video.decoder.avc] calling fillBuffer 24
01-12 10:42:42.247  3419  3419 I @@@@    : read sample 89:0 @ 2999687 size 32405
01-12 10:42:42.247  3419  3870 V ACodec  : [OMX.qcom.video.decoder.avc] calling emptyBuffer 4 w/ time 2999687 us
01-12 10:42:42.247  3419  3419 D MainActivity: got frame, size 3133440/2833687/84/0
01-12 10:42:42.254  3419  3870 V ACodec  : [OMX.qcom.video.decoder.avc] onOMXEmptyBufferDone 2
01-12 10:42:42.258   701  3873 E C2DColorConvert: unknown format passed for luma alignment number
01-12 10:42:42.260  3419  3870 V ACodec  : [OMX.qcom.video.decoder.avc] onOMXFillBufferDone 27 time 2866687 us, flags = 0x00000000
01-12 10:42:42.262   701  3873 E C2DColorConvert: unknown format passed for luma alignment number
01-12 10:42:42.263  3419  3870 V ACodec  : [OMX.qcom.video.decoder.avc] onOMXFillBufferDone 28 time 2899687 us, flags = 0x00000000
01-12 10:42:42.263  3419  3419 V MainActivity: output will be saved as /sdcard/Pictures/output_84.yuv
01-12 10:42:42.275  3419  3870 V ACodec  : [OMX.qcom.video.decoder.avc] onOMXEmptyBufferDone 3
01-12 10:42:42.282  3419  3870 V ACodec  : [OMX.qcom.video.decoder.avc] calling fillBuffer 23
01-12 10:42:42.283  3419  3419 I @@@@    : read sample 90:0 @ 3133687 size 214864
01-12 10:42:42.284  3419  3870 V ACodec  : [OMX.qcom.video.decoder.avc] calling emptyBuffer 1 w/ time 3133687 us
01-12 10:42:42.284  3419  3419 D MainActivity: got frame, size 3133440/2866687/85/0
01-12 10:42:42.300   701  3873 E C2DColorConvert: unknown format passed for luma alignment number
01-12 10:42:42.301  3419  3870 V ACodec  : [OMX.qcom.video.decoder.avc] onOMXFillBufferDone 26 time 2933687 us, flags = 0x00000000
01-12 10:42:42.301  3419  3870 V ACodec  : [OMX.qcom.video.decoder.avc] onOMXEmptyBufferDone 4
01-12 10:42:42.302  3419  3419 V MainActivity: output will be saved as /sdcard/Pictures/output_85.yuv
01-12 10:42:42.320  3419  3870 V ACodec  : [OMX.qcom.video.decoder.avc] calling fillBuffer 27
01-12 10:42:42.321  3419  3419 I @@@@    : read sample 91:0 @ 3066687 size 36600
01-12 10:42:42.321  3419  3870 V ACodec  : [OMX.qcom.video.decoder.avc] calling emptyBuffer 2 w/ time 3066687 us
01-12 10:42:42.322  3419  3419 D MainActivity: got frame, size 3133440/2899687/86/0
01-12 10:42:42.340  3419  3419 V MainActivity: output will be saved as /sdcard/Pictures/output_86.yuv
01-12 10:42:42.358  3419  3870 V ACodec  : [OMX.qcom.video.decoder.avc] calling fillBuffer 28
01-12 10:42:42.359  3419  3419 I @@@@    : read sample 92:0 @ 3099687 size 31524
01-12 10:42:42.360  3419  3870 V ACodec  : [OMX.qcom.video.decoder.avc] calling emptyBuffer 3 w/ time 3099687 us
01-12 10:42:42.360  3419  3419 D MainActivity: got frame, size 3133440/2933687/87/0
01-12 10:42:42.365  3419  3870 V ACodec  : [OMX.qcom.video.decoder.avc] onOMXEmptyBufferDone 1
01-12 10:42:42.368   701  3873 E C2DColorConvert: unknown format passed for luma alignment number
01-12 10:42:42.370  3419  3870 V ACodec  : [OMX.qcom.video.decoder.avc] onOMXFillBufferDone 24 time 2966687 us, flags = 0x00000000
01-12 10:42:42.373   701  3873 E C2DColorConvert: unknown format passed for luma alignment number
01-12 10:42:42.375  3419  3870 V ACodec  : [OMX.qcom.video.decoder.avc] onOMXFillBufferDone 23 time 2999687 us, flags = 0x00000000
01-12 10:42:42.378  3419  3419 V MainActivity: output will be saved as /sdcard/Pictures/output_87.yuv
01-12 10:42:42.385  3419  3870 V ACodec  : [OMX.qcom.video.decoder.avc] onOMXEmptyBufferDone 2
01-12 10:42:42.397  3419  3870 V ACodec  : [OMX.qcom.video.decoder.avc] calling fillBuffer 26
01-12 10:42:42.401  3419  3419 I @@@@    : read sample 93:0 @ 3233687 size 218811
01-12 10:42:42.401  3419  3870 V ACodec  : [OMX.qcom.video.decoder.avc] calling emptyBuffer 4 w/ time 3233687 us
01-12 10:42:42.402  3419  3419 D MainActivity: got frame, size 3133440/2966687/88/0
01-12 10:42:42.416   701  3873 E C2DColorConvert: unknown format passed for luma alignment number
01-12 10:42:42.417  3419  3419 V MainActivity: output will be saved as /sdcard/Pictures/output_88.yuv
01-12 10:42:42.418  3419  3870 V ACodec  : [OMX.qcom.video.decoder.avc] onOMXFillBufferDone 25 time 3033687 us, flags = 0x00000000
01-12 10:42:42.418  3419  3870 V ACodec  : [OMX.qcom.video.decoder.avc] onOMXEmptyBufferDone 3
01-12 10:42:42.435  3419  3870 V ACodec  : [OMX.qcom.video.decoder.avc] calling fillBuffer 24
01-12 10:42:42.436  3419  3419 I @@@@    : read sample 94:0 @ 3166687 size 38732
