01-12 10:42:42.437  3419  3870 V ACodec  : [OMX.qcom.video.decoder.avc] calling emptyBuffer 1 w/ time 3166687 us
01-12 10:42:42.437  3419  3419 D MainActivity: got frame, size 3133440/2999687/89/0
01-12 10:42:42.452  3419  3419 V MainActivity: output will be saved as /sdcard/Pictures/output_89.yuv
01-12 10:42:42.469  3419  3870 V ACodec  : [OMX.qcom.video.decoder.avc] calling fillBuffer 23
01-12 10:42:42.470  3419  3419 I @@@@    : read sample 95:0 @ 3199687 size 33582
01-12 10:42:42.470  3419  3870 V ACodec  : [OMX.qcom.video.decoder.avc] calling emptyBuffer 2 w/ time 3199687 us
01-12 10:42:42.470  3419  3419 D MainActivity: got frame, size 3133440/3033687/90/0
01-12 10:42:42.482  3419  3870 V ACodec  : [OMX.qcom.video.decoder.avc] onOMXEmptyBufferDone 4
01-12 10:42:42.485  3419  3419 V MainActivity: output will be saved as /sdcard/Pictures/output_90.yuv
01-12 10:42:42.487   701  3873 E C2DColorConvert: unknown format passed for luma alignment number
01-12 10:42:42.489  3419  3870 V ACodec  : [OMX.qcom.video.decoder.avc] onOMXFillBufferDone 28 time 3066687 us, flags = 0x00000000
01-12 10:42:42.492   701  3873 E C2DColorConvert: unknown format passed for luma alignment number
01-12 10:42:42.494  3419  3870 V ACodec  : [OMX.qcom.video.decoder.avc] onOMXFillBufferDone 26 time 3099687 us, flags = 0x00000000
01-12 10:42:42.501  3419  3870 V ACodec  : [OMX.qcom.video.decoder.avc] onOMXEmptyBufferDone 1
01-12 10:42:42.510  3419  3870 V ACodec  : [OMX.qcom.video.decoder.avc] calling fillBuffer 25
01-12 10:42:42.512  3419  3419 I @@@@    : read sample 96:0 @ 3366687 size 232902
01-12 10:42:42.512  3419  3870 V ACodec  : [OMX.qcom.video.decoder.avc] calling emptyBuffer 3 w/ time 3366687 us
01-12 10:42:42.512  3419  3419 D MainActivity: got frame, size 3133440/3066687/91/0
01-12 10:42:42.523  3419  3870 V ACodec  : [OMX.qcom.video.decoder.avc] onOMXEmptyBufferDone 2
01-12 10:42:42.527   701  3873 E C2DColorConvert: unknown format passed for luma alignment number
01-12 10:42:42.528  3419  3870 V ACodec  : [OMX.qcom.video.decoder.avc] onOMXFillBufferDone 27 time 3133687 us, flags = 0x00000000
01-12 10:42:42.529  3419  3419 V MainActivity: output will be saved as /sdcard/Pictures/output_91.yuv
01-12 10:42:42.546  3419  3870 V ACodec  : [OMX.qcom.video.decoder.avc] calling fillBuffer 28
01-12 10:42:42.547  3419  3419 I @@@@    : read sample 97:0 @ 3299687 size 52720
01-12 10:42:42.548  3419  3870 V ACodec  : [OMX.qcom.video.decoder.avc] calling emptyBuffer 4 w/ time 3299687 us
01-12 10:42:42.548  3419  3419 D MainActivity: got frame, size 3133440/3099687/92/0
01-12 10:42:42.565  3419  3419 V MainActivity: output will be saved as /sdcard/Pictures/output_92.yuv
01-12 10:42:42.578   636   653 E Sensors : sns_debug_main.c(160):Debug Timer Callback called
01-12 10:42:42.582  3419  3870 V ACodec  : [OMX.qcom.video.decoder.avc] calling fillBuffer 26
01-12 10:42:42.582  3419  3419 I @@@@    : read sample 98:0 @ 3266687 size 35318
01-12 10:42:42.583  3419  3870 V ACodec  : [OMX.qcom.video.decoder.avc] calling emptyBuffer 1 w/ time 3266687 us
01-12 10:42:42.583  3419  3419 D MainActivity: got frame, size 3133440/3133687/93/0
01-12 10:42:42.593  3419  3870 V ACodec  : [OMX.qcom.video.decoder.avc] onOMXEmptyBufferDone 3
01-12 10:42:42.597   701  3873 E C2DColorConvert: unknown format passed for luma alignment number
01-12 10:42:42.598  3419  3419 V MainActivity: output will be saved as /sdcard/Pictures/output_93.yuv
01-12 10:42:42.599  3419  3870 V ACodec  : [OMX.qcom.video.decoder.avc] onOMXFillBufferDone 23 time 3166687 us, flags = 0x00000000
01-12 10:42:42.601   701  3873 E C2DColorConvert: unknown format passed for luma alignment number
01-12 10:42:42.602  3419  3870 V ACodec  : [OMX.qcom.video.decoder.avc] onOMXFillBufferDone 25 time 3199687 us, flags = 0x00000000
01-12 10:42:42.614  3419  3870 V ACodec  : [OMX.qcom.video.decoder.avc] onOMXEmptyBufferDone 4
01-12 10:42:42.617  3419  3870 V ACodec  : [OMX.qcom.video.decoder.avc] calling fillBuffer 27
01-12 10:42:42.618  3419  3419 I @@@@    : read sample 99:0 @ 3333687 size 32079
01-12 10:42:42.618  3419  3870 V ACodec  : [OMX.qcom.video.decoder.avc] calling emptyBuffer 2 w/ time 3333687 us
01-12 10:42:42.618  3419  3419 D MainActivity: got frame, size 3133440/3166687/94/0
01-12 10:42:42.632  3419  3419 V MainActivity: output will be saved as /sdcard/Pictures/output_94.yuv
01-12 10:42:42.642   701  3873 E C2DColorConvert: unknown format passed for luma alignment number
01-12 10:42:42.644  3419  3870 V ACodec  : [OMX.qcom.video.decoder.avc] onOMXFillBufferDone 24 time 3233687 us, flags = 0x00000000
01-12 10:42:42.644  3419  3870 V ACodec  : [OMX.qcom.video.decoder.avc] onOMXEmptyBufferDone 1
01-12 10:42:42.648  3419  3870 V ACodec  : [OMX.qcom.video.decoder.avc] calling fillBuffer 23
01-12 10:42:42.651  3419  3419 I @@@@    : read sample 100:0 @ 3499687 size 231627
01-12 10:42:42.651  3419  3870 V ACodec  : [OMX.qcom.video.decoder.avc] calling emptyBuffer 3 w/ time 3499687 us
01-12 10:42:42.651  3419  3419 D MainActivity: got frame, size 3133440/3199687/95/0
01-12 10:42:42.665   701  3873 E C2DColorConvert: unknown format passed for luma alignment number
01-12 10:42:42.666  3419  3870 V ACodec  : [OMX.qcom.video.decoder.avc] onOMXFillBufferDone 27 time 3266687 us, flags = 0x00000000
01-12 10:42:42.666  3419  3870 V ACodec  : [OMX.qcom.video.decoder.avc] onOMXEmptyBufferDone 2
01-12 10:42:42.670  3419  3419 V MainActivity: output will be saved as /sdcard/Pictures/output_95.yuv
01-12 10:42:42.686  3419  3870 V ACodec  : [OMX.qcom.video.decoder.avc] calling fillBuffer 25
01-12 10:42:42.687  3419  3419 I @@@@    : read sample 101:0 @ 3433687 size 51441
01-12 10:42:42.687  3419  3870 V ACodec  : [OMX.qcom.video.decoder.avc] calling emptyBuffer 4 w/ time 3433687 us
01-12 10:42:42.687  3419  3419 D MainActivity: got frame, size 3133440/3233687/96/0
01-12 10:42:42.701  3419  3419 V MainActivity: output will be saved as /sdcard/Pictures/output_96.yuv
01-12 10:42:42.717  3419  3870 V ACodec  : [OMX.qcom.video.decoder.avc] calling fillBuffer 24
01-12 10:42:42.718  3419  3419 I @@@@    : read sample 102:0 @ 3399687 size 31825
01-12 10:42:42.718  3419  3870 V ACodec  : [OMX.qcom.video.decoder.avc] calling emptyBuffer 1 w/ time 3399687 us
01-12 10:42:42.718  3419  3419 D MainActivity: got frame, size 3133440/3266687/97/0
01-12 10:42:42.733  3419  3870 V ACodec  : [OMX.qcom.video.decoder.avc] onOMXEmptyBufferDone 3
01-12 10:42:42.734  3419  3419 V MainActivity: output will be saved as /sdcard/Pictures/output_97.yuv
01-12 10:42:42.738   701  3873 E C2DColorConvert: unknown format passed for luma alignment number
01-12 10:42:42.739  3419  3870 V ACodec  : [OMX.qcom.video.decoder.avc] onOMXFillBufferDone 26 time 3299687 us, flags = 0x00000000
01-12 10:42:42.742   701  3873 E C2DColorConvert: unknown format passed for luma alignment number
01-12 10:42:42.743  3419  3870 V ACodec  : [OMX.qcom.video.decoder.avc] onOMXFillBufferDone 23 time 3333687 us, flags = 0x00000000
01-12 10:42:42.753  3419  3870 V ACodec  : [OMX.qcom.video.decoder.avc] calling fillBuffer 27
01-12 10:42:42.753  3419  3419 I @@@@    : read sample 103:0 @ 3466687 size 30142
01-12 10:42:42.754  3419  3870 V ACodec  : [OMX.qcom.video.decoder.avc] calling emptyBuffer 2 w/ time 3466687 us
01-12 10:42:42.754  3419  3419 D MainActivity: got frame, size 3133440/3299687/98/0
01-12 10:42:42.754  3419  3870 V ACodec  : [OMX.qcom.video.decoder.avc] onOMXEmptyBufferDone 4
01-12 10:42:42.767  3419  3419 V MainActivity: output will be saved as /sdcard/Pictures/output_98.yuv
01-12 10:42:42.776  3419  3870 V ACodec  : [OMX.qcom.video.decoder.avc] onOMXEmptyBufferDone 1
01-12 10:42:42.778   701  3873 E C2DColorConvert: unknown format passed for luma alignment number
01-12 10:42:42.779  3419  3870 V ACodec  : [OMX.qcom.video.decoder.avc] onOMXFillBufferDone 28 time 3366687 us, flags = 0x00000000
01-12 10:42:42.784  3419  3870 V ACodec  : [OMX.qcom.video.decoder.avc] calling fillBuffer 26
01-12 10:42:42.786  3419  3419 I @@@@    : read sample 104:0 @ 3633687 size 230173
01-12 10:42:42.787  3419  3870 V ACodec  : [OMX.qcom.video.decoder.avc] calling emptyBuffer 3 w/ time 3633687 us
01-12 10:42:42.787  3419  3419 D MainActivity: got frame, size 3133440/3333687/99/0
01-12 10:42:42.800   701  3873 E C2DColorConvert: unknown format passed for luma alignment number
01-12 10:42:42.801  3419  3419 V MainActivity: output will be saved as /sdcard/Pictures/output_99.yuv
01-12 10:42:42.802  3419  3870 V ACodec  : [OMX.qcom.video.decoder.avc] onOMXFillBufferDone 27 time 3399687 us, flags = 0x00000000
01-12 10:42:42.802  3419  3870 V ACodec  : [OMX.qcom.video.decoder.avc] onOMXEmptyBufferDone 2
01-12 10:42:42.818  3419  3870 V ACodec  : [OMX.qcom.video.decoder.avc] calling fillBuffer 23
01-12 10:42:42.819  3419  3419 I @@@@    : read sample 105:0 @ 3566687 size 50688
01-12 10:42:42.819  3419  3870 V ACodec  : [OMX.qcom.video.decoder.avc] calling emptyBuffer 4 w/ time 3566687 us
01-12 10:42:42.820  3419  3419 D MainActivity: got frame, size 3133440/3366687/100/0
01-12 10:42:42.836  3419  3419 V MainActivity: output will be saved as /sdcard/Pictures/output_100.yuv
01-12 10:42:42.852  3419  3870 V ACodec  : [OMX.qcom.video.decoder.avc] calling fillBuffer 28
01-12 10:42:42.853  3419  3419 I @@@@    : read sample 106:0 @ 3533687 size 30804
01-12 10:42:42.853  3419  3870 V ACodec  : [OMX.qcom.video.decoder.avc] calling emptyBuffer 1 w/ time 3533687 us
01-12 10:42:42.853  3419  3419 D MainActivity: got frame, size 3133440/3399687/101/0
01-12 10:42:42.865  3419  3870 V ACodec  : [OMX.qcom.video.decoder.avc] onOMXEmptyBufferDone 3
01-12 10:42:42.867  3419  3419 V MainActivity: output will be saved as /sdcard/Pictures/output_101.yuv
01-12 10:42:42.868   701  3873 E C2DColorConvert: unknown format passed for luma alignment number
01-12 10:42:42.869  3419  3870 V ACodec  : [OMX.qcom.video.decoder.avc] onOMXFillBufferDone 24 time 3433687 us, flags = 0x00000000
01-12 10:42:42.872   701  3873 E C2DColorConvert: unknown format passed for luma alignment number
01-12 10:42:42.873  3419  3870 V ACodec  : [OMX.qcom.video.decoder.avc] onOMXFillBufferDone 26 time 3466687 us, flags = 0x00000000
01-12 10:42:42.884  3419  3870 V ACodec  : [OMX.qcom.video.decoder.avc] calling fillBuffer 27
01-12 10:42:42.885  3419  3870 V ACodec  : [OMX.qcom.video.decoder.avc] onOMXEmptyBufferDone 4
01-12 10:42:42.886  3419  3419 I @@@@    : read sample 107:0 @ 3599687 size 30586
01-12 10:42:42.886  3419  3870 V ACodec  : [OMX.qcom.video.decoder.avc] calling emptyBuffer 2 w/ time 3599687 us
01-12 10:42:42.886  3419  3419 D MainActivity: got frame, size 3133440/3433687/102/0
01-12 10:42:42.901  3419  3419 V MainActivity: output will be saved as /sdcard/Pictures/output_102.yuv
01-12 10:42:42.906  3419  3870 V ACodec  : [OMX.qcom.video.decoder.avc] onOMXEmptyBufferDone 1
01-12 10:42:42.911   701  3873 E C2DColorConvert: unknown format passed for luma alignment number
01-12 10:42:42.912  3419  3870 V ACodec  : [OMX.qcom.video.decoder.avc] onOMXFillBufferDone 25 time 3499687 us, flags = 0x00000000
01-12 10:42:42.919  3419  3870 V ACodec  : [OMX.qcom.video.decoder.avc] calling fillBuffer 24
01-12 10:42:42.920  3419  3419 I @@@@    : read sample 108:0 @ 3766687 size 206164
01-12 10:42:42.921  3419  3870 V ACodec  : [OMX.qcom.video.decoder.avc] calling emptyBuffer 3 w/ time 3766687 us
01-12 10:42:42.921  3419  3419 D MainActivity: got frame, size 3133440/3466687/103/0
01-12 10:42:42.932  3419  3870 V ACodec  : [OMX.qcom.video.decoder.avc] onOMXEmptyBufferDone 2
01-12 10:42:42.934  3419  3419 V MainActivity: output will be saved as /sdcard/Pictures/output_103.yuv
01-12 10:42:42.935   701  3873 E C2DColorConvert: unknown format passed for luma alignment number
01-12 10:42:42.936  3419  3870 V ACodec  : [OMX.qcom.video.decoder.avc] onOMXFillBufferDone 27 time 3533687 us, flags = 0x00000000
01-12 10:42:42.951  3419  3870 V ACodec  : [OMX.qcom.video.decoder.avc] calling fillBuffer 26
01-12 10:42:42.952  3419  3419 I @@@@    : read sample 109:0 @ 3699687 size 49883
01-12 10:42:42.952  3419  3870 V ACodec  : [OMX.qcom.video.decoder.avc] calling emptyBuffer 4 w/ time 3699687 us
01-12 10:42:42.953  3419  3419 D MainActivity: got frame, size 3133440/3499687/104/0
01-12 10:42:42.967  3419  3419 V MainActivity: output will be saved as /sdcard/Pictures/output_104.yuv
01-12 10:42:42.983  3419  3870 V ACodec  : [OMX.qcom.video.decoder.avc] calling fillBuffer 25
01-12 10:42:42.985  3419  3419 I @@@@    : read sample 110:0 @ 3666687 size 30976
01-12 10:42:42.986  3419  3870 V ACodec  : [OMX.qcom.video.decoder.avc] calling emptyBuffer 1 w/ time 3666687 us
01-12 10:42:42.986  3419  3419 D MainActivity: got frame, size 3133440/3533687/105/0
01-12 10:42:42.994  3419  3870 V ACodec  : [OMX.qcom.video.decoder.avc] onOMXEmptyBufferDone 3
01-12 10:42:43.001   701  3873 E C2DColorConvert: unknown format passed for luma alignment number
01-12 10:42:43.003  3419  3870 V ACodec  : [OMX.qcom.video.decoder.avc] onOMXFillBufferDone 28 time 3566687 us, flags = 0x00000000
01-12 10:42:43.003  3419  3419 V MainActivity: output will be saved as /sdcard/Pictures/output_105.yuv
01-12 10:42:43.007   701  3873 E C2DColorConvert: unknown format passed for luma alignment number
01-12 10:42:43.010  3419  3870 V ACodec  : [OMX.qcom.video.decoder.avc] onOMXFillBufferDone 24 time 3599687 us, flags = 0x00000000
01-12 10:42:43.014  3419  3870 V ACodec  : [OMX.qcom.video.decoder.avc] onOMXEmptyBufferDone 4
01-12 10:42:43.021  3419  3870 V ACodec  : [OMX.qcom.video.decoder.avc] calling fillBuffer 27
01-12 10:42:43.022  3419  3419 I @@@@    : read sample 111:0 @ 3733687 size 30145
01-12 10:42:43.022  3419  3870 V ACodec  : [OMX.qcom.video.decoder.avc] calling emptyBuffer 2 w/ time 3733687 us
01-12 10:42:43.022  3419  3419 D MainActivity: got frame, size 3133440/3566687/106/0
01-12 10:42:43.036  3419  3419 V MainActivity: output will be saved as /sdcard/Pictures/output_106.yuv
01-12 10:42:43.047   701  3873 E C2DColorConvert: unknown format passed for luma alignment number
01-12 10:42:43.049  3419  3870 V ACodec  : [OMX.qcom.video.decoder.avc] onOMXFillBufferDone 23 time 3633687 us, flags = 0x00000000
01-12 10:42:43.049  3419  3870 V ACodec  : [OMX.qcom.video.decoder.avc] onOMXEmptyBufferDone 1
01-12 10:42:43.052  3419  3870 V ACodec  : [OMX.qcom.video.decoder.avc] calling fillBuffer 28
01-12 10:42:43.054  3419  3419 I @@@@    : read sample 112:0 @ 3866687 size 187368
01-12 10:42:43.055  3419  3870 V ACodec  : [OMX.qcom.video.decoder.avc] calling emptyBuffer 3 w/ time 3866687 us
01-12 10:42:43.055  3419  3419 D MainActivity: got frame, size 3133440/3599687/107/0
01-12 10:42:43.071  3419  3419 V MainActivity: output will be saved as /sdcard/Pictures/output_107.yuv
01-12 10:42:43.073  3419  3870 V ACodec  : [OMX.qcom.video.decoder.avc] onOMXEmptyBufferDone 2
01-12 10:42:43.075   701  3873 E C2DColorConvert: unknown format passed for luma alignment number
01-12 10:42:43.079  3419  3870 V ACodec  : [OMX.qcom.video.decoder.avc] onOMXFillBufferDone 27 time 3666687 us, flags = 0x00000000
01-12 10:42:43.091  3419  3870 V ACodec  : [OMX.qcom.video.decoder.avc] calling fillBuffer 24
01-12 10:42:43.095  3419  3419 I @@@@    : read sample 113:0 @ 3799687 size 35295
01-12 10:42:43.095  3419  3870 V ACodec  : [OMX.qcom.video.decoder.avc] calling emptyBuffer 4 w/ time 3799687 us
01-12 10:42:43.096  3419  3419 D MainActivity: got frame, size 3133440/3633687/108/0
01-12 10:42:43.110  3419  3419 V MainActivity: output will be saved as /sdcard/Pictures/output_108.yuv
01-12 10:42:43.126  3419  3870 V ACodec  : [OMX.qcom.video.decoder.avc] calling fillBuffer 23
01-12 10:42:43.127  3419  3419 I @@@@    : read sample 114:0 @ 3833687 size 29337
01-12 10:42:43.128  3419  3870 V ACodec  : [OMX.qcom.video.decoder.avc] calling emptyBuffer 1 w/ time 3833687 us
01-12 10:42:43.128  3419  3419 D MainActivity: got frame, size 3133440/3666687/109/0
01-12 10:42:43.134   701  3873 E C2DColorConvert: unknown format passed for luma alignment number
01-12 10:42:43.137  3419  3870 V ACodec  : [OMX.qcom.video.decoder.avc] onOMXFillBufferDone 25 time 3699687 us, flags = 0x00000000
01-12 10:42:43.138   701  3873 E C2DColorConvert: unknown format passed for luma alignment number
01-12 10:42:43.140  3419  3870 V ACodec  : [OMX.qcom.video.decoder.avc] onOMXFillBufferDone 28 time 3733687 us, flags = 0x00000000
01-12 10:42:43.140  3419  3870 V ACodec  : [OMX.qcom.video.decoder.avc] onOMXEmptyBufferDone 3
01-12 10:42:43.144  3419  3419 V MainActivity: output will be saved as /sdcard/Pictures/output_109.yuv
01-12 10:42:43.149  3419  3870 V ACodec  : [OMX.qcom.video.decoder.avc] onOMXEmptyBufferDone 4
01-12 10:42:43.161  3419  3870 V ACodec  : [OMX.qcom.video.decoder.avc] calling fillBuffer 27
01-12 10:42:43.163  3419  3419 I @@@@    : read sample 115:0 @ 3966687 size 189078
01-12 10:42:43.163  3419  3870 V ACodec  : [OMX.qcom.video.decoder.avc] calling emptyBuffer 2 w/ time 3966687 us
01-12 10:42:43.163  3419  3419 D MainActivity: got frame, size 3133440/3699687/110/0
01-12 10:42:43.174  3419  3870 V ACodec  : [OMX.qcom.video.decoder.avc] onOMXEmptyBufferDone 1
01-12 10:42:43.177   701  3873 E C2DColorConvert: unknown format passed for luma alignment number
01-12 10:42:43.178  3419  3870 V ACodec  : [OMX.qcom.video.decoder.avc] onOMXFillBufferDone 26 time 3766687 us, flags = 0x00000000
01-12 10:42:43.181  3419  3419 V MainActivity: output will be saved as /sdcard/Pictures/output_110.yuv
01-12 10:42:43.200  3419  3870 V ACodec  : [OMX.qcom.video.decoder.avc] calling fillBuffer 25
01-12 10:42:43.202  3419  3419 I @@@@    : read sample 116:0 @ 3899687 size 37052
01-12 10:42:43.202  3419  3870 V ACodec  : [OMX.qcom.video.decoder.avc] calling emptyBuffer 3 w/ time 3899687 us
01-12 10:42:43.202  3419  3419 D MainActivity: got frame, size 3133440/3733687/111/0
01-12 10:42:43.217  3419  3419 V MainActivity: output will be saved as /sdcard/Pictures/output_111.yuv
01-12 10:42:43.233  3419  3870 V ACodec  : [OMX.qcom.video.decoder.avc] calling fillBuffer 28
01-12 10:42:43.235  3419  3419 I @@@@    : read sample 117:0 @ 3933687 size 30152
01-12 10:42:43.235  3419  3870 V ACodec  : [OMX.qcom.video.decoder.avc] calling emptyBuffer 4 w/ time 3933687 us
01-12 10:42:43.235  3419  3419 D MainActivity: got frame, size 3133440/3766687/112/0
01-12 10:42:43.244  3419  3870 V ACodec  : [OMX.qcom.video.decoder.avc] onOMXEmptyBufferDone 2
01-12 10:42:43.248   701  3873 E C2DColorConvert: unknown format passed for luma alignment number
01-12 10:42:43.249  3419  3870 V ACodec  : [OMX.qcom.video.decoder.avc] onOMXFillBufferDone 23 time 3799687 us, flags = 0x00000000
01-12 10:42:43.251  3419  3419 V MainActivity: output will be saved as /sdcard/Pictures/output_112.yuv
01-12 10:42:43.252   701  3873 E C2DColorConvert: unknown format passed for luma alignment number
01-12 10:42:43.253  3419  3870 V ACodec  : [OMX.qcom.video.decoder.avc] onOMXFillBufferDone 27 time 3833687 us, flags = 0x00000000
01-12 10:42:43.260  3419  3870 V ACodec  : [OMX.qcom.video.decoder.avc] onOMXEmptyBufferDone 3
01-12 10:42:43.270  3419  3870 V ACodec  : [OMX.qcom.video.decoder.avc] calling fillBuffer 26
01-12 10:42:43.272  3419  3419 I @@@@    : read sample 118:0 @ 4066687 size 179120
01-12 10:42:43.272  3419  3870 V ACodec  : [OMX.qcom.video.decoder.avc] calling emptyBuffer 1 w/ time 4066687 us
01-12 10:42:43.273  3419  3419 D MainActivity: got frame, size 3133440/3799687/113/0
01-12 10:42:43.283  3419  3870 V ACodec  : [OMX.qcom.video.decoder.avc] onOMXEmptyBufferDone 4
01-12 10:42:43.286   701  3873 E C2DColorConvert: unknown format passed for luma alignment number
01-12 10:42:43.287  3419  3870 V ACodec  : [OMX.qcom.video.decoder.avc] onOMXFillBufferDone 24 time 3866687 us, flags = 0x00000000
01-12 10:42:43.288  3419  3419 V MainActivity: output will be saved as /sdcard/Pictures/output_113.yuv
01-12 10:42:43.305  3419  3870 V ACodec  : [OMX.qcom.video.decoder.avc] calling fillBuffer 23
01-12 10:42:43.306  3419  3419 I @@@@    : read sample 119:0 @ 3999687 size 37143
01-12 10:42:43.306  3419  3870 V ACodec  : [OMX.qcom.video.decoder.avc] calling emptyBuffer 2 w/ time 3999687 us
01-12 10:42:43.307  3419  3419 D MainActivity: got frame, size 3133440/3833687/114/0
01-12 10:42:43.320  3419  3419 V MainActivity: output will be saved as /sdcard/Pictures/output_114.yuv
01-12 10:42:43.337  3419  3870 V ACodec  : [OMX.qcom.video.decoder.avc] calling fillBuffer 27
01-12 10:42:43.338  3419  3419 I @@@@    : read sample 120:0 @ 4033687 size 30504
01-12 10:42:43.338  3419  3870 V ACodec  : [OMX.qcom.video.decoder.avc] calling emptyBuffer 3 w/ time 4033687 us
01-12 10:42:43.338  3419  3419 D MainActivity: got frame, size 3133440/3866687/115/0
01-12 10:42:43.343  3419  3870 V ACodec  : [OMX.qcom.video.decoder.avc] onOMXEmptyBufferDone 1
01-12 10:42:43.348   701  3873 E C2DColorConvert: unknown format passed for luma alignment number
01-12 10:42:43.349  3419  3870 V ACodec  : [OMX.qcom.video.decoder.avc] onOMXFillBufferDone 28 time 3899687 us, flags = 0x00000000
01-12 10:42:43.352   701  3873 E C2DColorConvert: unknown format passed for luma alignment number
01-12 10:42:43.354  3419  3870 V ACodec  : [OMX.qcom.video.decoder.avc] onOMXFillBufferDone 26 time 3933687 us, flags = 0x00000000
01-12 10:42:43.356  3419  3419 V MainActivity: output will be saved as /sdcard/Pictures/output_115.yuv
01-12 10:42:43.364  3419  3870 V ACodec  : [OMX.qcom.video.decoder.avc] onOMXEmptyBufferDone 2
01-12 10:42:43.372  3419  3870 V ACodec  : [OMX.qcom.video.decoder.avc] calling fillBuffer 24
01-12 10:42:43.374  3419  3419 I @@@@    : read sample 121:0 @ 4166687 size 169745
01-12 10:42:43.374  3419  3870 V ACodec  : [OMX.qcom.video.decoder.avc] calling emptyBuffer 4 w/ time 4166687 us
01-12 10:42:43.374  3419  3419 D MainActivity: got frame, size 3133440/3899687/116/0
01-12 10:42:43.387  3419  3419 V MainActivity: output will be saved as /sdcard/Pictures/output_116.yuv
01-12 10:42:43.389   701  3873 E C2DColorConvert: unknown format passed for luma alignment number
01-12 10:42:43.390  3419  3870 V ACodec  : [OMX.qcom.video.decoder.avc] onOMXFillBufferDone 25 time 3966687 us, flags = 0x00000000
01-12 10:42:43.390  3419  3870 V ACodec  : [OMX.qcom.video.decoder.avc] onOMXEmptyBufferDone 3
01-12 10:42:43.404  3419  3870 V ACodec  : [OMX.qcom.video.decoder.avc] calling fillBuffer 28
01-12 10:42:43.405  3419  3419 I @@@@    : read sample 122:0 @ 4099687 size 36122
01-12 10:42:43.406  3419  3870 V ACodec  : [OMX.qcom.video.decoder.avc] calling emptyBuffer 1 w/ time 4099687 us
01-12 10:42:43.406  3419  3419 D MainActivity: got frame, size 3133440/3933687/117/0
01-12 10:42:43.421  3419  3419 V MainActivity: output will be saved as /sdcard/Pictures/output_117.yuv
01-12 10:42:43.438  3419  3870 V ACodec  : [OMX.qcom.video.decoder.avc] calling fillBuffer 26
01-12 10:42:43.439  3419  3419 I @@@@    : read sample 123:0 @ 4133687 size 30815
01-12 10:42:43.439  3419  3419 D MainActivity: got frame, size 3133440/3966687/118/0
01-12 10:42:43.440  3419  3870 V ACodec  : [OMX.qcom.video.decoder.avc] calling emptyBuffer 2 w/ time 4133687 us
01-12 10:42:43.440  3419  3870 V ACodec  : [OMX.qcom.video.decoder.avc] onOMXEmptyBufferDone 4
01-12 10:42:43.446   701  3873 E C2DColorConvert: unknown format passed for luma alignment number
01-12 10:42:43.447  3419  3870 V ACodec  : [OMX.qcom.video.decoder.avc] onOMXFillBufferDone 27 time 3999687 us, flags = 0x00000000
01-12 10:42:43.453   701  3873 E C2DColorConvert: unknown format passed for luma alignment number
01-12 10:42:43.454  3419  3870 V ACodec  : [OMX.qcom.video.decoder.avc] onOMXFillBufferDone 24 time 4033687 us, flags = 0x00000000
01-12 10:42:43.455  3419  3419 V MainActivity: output will be saved as /sdcard/Pictures/output_118.yuv
01-12 10:42:43.462  3419  3870 V ACodec  : [OMX.qcom.video.decoder.avc] onOMXEmptyBufferDone 1
01-12 10:42:43.471  3419  3870 V ACodec  : [OMX.qcom.video.decoder.avc] calling fillBuffer 25
01-12 10:42:43.473  3419  3419 I @@@@    : read sample 124:0 @ 4266687 size 152420
01-12 10:42:43.473  3419  3870 V ACodec  : [OMX.qcom.video.decoder.avc] calling emptyBuffer 3 w/ time 4266687 us
01-12 10:42:43.474  3419  3419 D MainActivity: got frame, size 3133440/3999687/119/0
01-12 10:42:43.488  3419  3419 V MainActivity: output will be saved as /sdcard/Pictures/output_119.yuv
01-12 10:42:43.488   701  3873 E C2DColorConvert: unknown format passed for luma alignment number
01-12 10:42:43.489  3419  3870 V ACodec  : [OMX.qcom.video.decoder.avc] onOMXFillBufferDone 23 time 4066687 us, flags = 0x00000000
01-12 10:42:43.489  3419  3870 V ACodec  : [OMX.qcom.video.decoder.avc] onOMXEmptyBufferDone 2
01-12 10:42:43.506  3419  3870 V ACodec  : [OMX.qcom.video.decoder.avc] calling fillBuffer 27
01-12 10:42:43.508  3419  3419 I @@@@    : read sample 125:0 @ 4199687 size 36083
01-12 10:42:43.509  3419  3419 D MainActivity: got frame, size 3133440/4033687/120/0
01-12 10:42:43.509  3419  3870 V ACodec  : [OMX.qcom.video.decoder.avc] calling emptyBuffer 4 w/ time 4199687 us
01-12 10:42:43.527  3419  3419 V MainActivity: output will be saved as /sdcard/Pictures/output_120.yuv
01-12 10:42:43.541   701  3873 E C2DColorConvert: unknown format passed for luma alignment number
01-12 10:42:43.544  3419  3870 V ACodec  : [OMX.qcom.video.decoder.avc] onOMXFillBufferDone 26 time 4099687 us, flags = 0x00000000
01-12 10:42:43.548  3419  3870 V ACodec  : [OMX.qcom.video.decoder.avc] calling fillBuffer 24
01-12 10:42:43.549   701  3873 E C2DColorConvert: unknown format passed for luma alignment number
01-12 10:42:43.551  3419  3419 I @@@@    : read sample 126:0 @ 4233687 size 31487
01-12 10:42:43.551  3419  3870 V ACodec  : [OMX.qcom.video.decoder.avc] onOMXFillBufferDone 25 time 4133687 us, flags = 0x00000000
01-12 10:42:43.551  3419  3870 V ACodec  : [OMX.qcom.video.decoder.avc] calling emptyBuffer 1 w/ time 4233687 us
01-12 10:42:43.552  3419  3419 D MainActivity: got frame, size 3133440/4066687/121/0
01-12 10:42:43.552  3419  3870 V ACodec  : [OMX.qcom.video.decoder.avc] onOMXEmptyBufferDone 3
01-12 10:42:43.566  3419  3419 V MainActivity: output will be saved as /sdcard/Pictures/output_121.yuv
01-12 10:42:43.571  3419  3870 V ACodec  : [OMX.qcom.video.decoder.avc] onOMXEmptyBufferDone 4
01-12 10:42:43.582  3419  3870 V ACodec  : [OMX.qcom.video.decoder.avc] calling fillBuffer 23
01-12 10:42:43.586  3419  3419 I @@@@    : read sample 127:0 @ 4366687 size 318356
01-12 10:42:43.586  3419  3870 V ACodec  : [OMX.qcom.video.decoder.avc] calling emptyBuffer 2 w/ time 4366687 us
01-12 10:42:43.588  3419  3419 D MainActivity: got frame, size 3133440/4099687/122/0
01-12 10:42:43.598  3419  3870 V ACodec  : [OMX.qcom.video.decoder.avc] onOMXEmptyBufferDone 1
01-12 10:42:43.600   701  3873 E C2DColorConvert: unknown format passed for luma alignment number
01-12 10:42:43.603  3419  3870 V ACodec  : [OMX.qcom.video.decoder.avc] onOMXFillBufferDone 28 time 4166687 us, flags = 0x00000000
01-12 10:42:43.604  3419  3419 V MainActivity: output will be saved as /sdcard/Pictures/output_122.yuv
01-12 10:42:43.620  3419  3870 V ACodec  : [OMX.qcom.video.decoder.avc] calling fillBuffer 26
01-12 10:42:43.625  3419  3419 I @@@@    : read sample 128:0 @ 4299687 size 44916
01-12 10:42:43.625  3419  3870 V ACodec  : [OMX.qcom.video.decoder.avc] calling emptyBuffer 3 w/ time 4299687 us
01-12 10:42:43.626  3419  3419 D MainActivity: got frame, size 3133440/4133687/123/0
01-12 10:42:43.649  3419  3419 V MainActivity: output will be saved as /sdcard/Pictures/output_123.yuv
01-12 10:42:43.666  3419  3870 V ACodec  : [OMX.qcom.video.decoder.avc] calling fillBuffer 25
01-12 10:42:43.668   701  3873 E C2DColorConvert: unknown format passed for luma alignment number
01-12 10:42:43.670  3419  3419 I @@@@    : read sample 129:0 @ 4333687 size 58210
01-12 10:42:43.670  3419  3870 V ACodec  : [OMX.qcom.video.decoder.avc] onOMXFillBufferDone 24 time 4199687 us, flags = 0x00000000
01-12 10:42:43.670  3419  3870 V ACodec  : [OMX.qcom.video.decoder.avc] calling emptyBuffer 4 w/ time 4333687 us
01-12 10:42:43.671  3419  3419 D MainActivity: got frame, size 3133440/4166687/124/0
01-12 10:42:43.672   701  3873 E C2DColorConvert: unknown format passed for luma alignment number
01-12 10:42:43.674  3419  3870 V ACodec  : [OMX.qcom.video.decoder.avc] onOMXFillBufferDone 23 time 4233687 us, flags = 0x00000000
01-12 10:42:43.674  3419  3870 V ACodec  : [OMX.qcom.video.decoder.avc] onOMXEmptyBufferDone 2
01-12 10:42:43.688  3419  3419 V MainActivity: output will be saved as /sdcard/Pictures/output_124.yuv
01-12 10:42:43.696  3419  3870 V ACodec  : [OMX.qcom.video.decoder.avc] onOMXEmptyBufferDone 3
01-12 10:42:43.707  3419  3870 V ACodec  : [OMX.qcom.video.decoder.avc] calling fillBuffer 28
01-12 10:42:43.708  3419  3419 I @@@@    : read sample 130:0 @ 4499687 size 273347
01-12 10:42:43.709  3419  3870 V ACodec  : [OMX.qcom.video.decoder.avc] calling emptyBuffer 1 w/ time 4499687 us
01-12 10:42:43.709  3419  3419 D MainActivity: got frame, size 3133440/4199687/125/0
01-12 10:42:43.719  3419  3870 V ACodec  : [OMX.qcom.video.decoder.avc] onOMXEmptyBufferDone 4
01-12 10:42:43.726  3419  3419 V MainActivity: output will be saved as /sdcard/Pictures/output_125.yuv
01-12 10:42:43.728   701  3873 E C2DColorConvert: unknown format passed for luma alignment number
01-12 10:42:43.730  3419  3870 V ACodec  : [OMX.qcom.video.decoder.avc] onOMXFillBufferDone 27 time 4266687 us, flags = 0x00000000
01-12 10:42:43.744  3419  3870 V ACodec  : [OMX.qcom.video.decoder.avc] calling fillBuffer 24
01-12 10:42:43.745  3419  3419 I @@@@    : read sample 131:0 @ 4433687 size 106147
01-12 10:42:43.746  3419  3870 V ACodec  : [OMX.qcom.video.decoder.avc] calling emptyBuffer 2 w/ time 4433687 us
01-12 10:42:43.746  3419  3419 D MainActivity: got frame, size 3133440/4233687/126/0
01-12 10:42:43.762  3419  3419 V MainActivity: output will be saved as /sdcard/Pictures/output_126.yuv
01-12 10:42:43.782  3419  3870 V ACodec  : [OMX.qcom.video.decoder.avc] calling fillBuffer 23
01-12 10:42:43.784  3419  3419 I @@@@    : read sample 132:0 @ 4399687 size 63941
01-12 10:42:43.784  3419  3870 V ACodec  : [OMX.qcom.video.decoder.avc] calling emptyBuffer 3 w/ time 4399687 us
01-12 10:42:43.784  3419  3419 D MainActivity: got frame, size 3133440/4266687/127/0
01-12 10:42:43.788  3419  3870 V ACodec  : [OMX.qcom.video.decoder.avc] onOMXEmptyBufferDone 1
01-12 10:42:43.794   701  3873 E C2DColorConvert: unknown format passed for luma alignment number
01-12 10:42:43.796  3419  3870 V ACodec  : [OMX.qcom.video.decoder.avc] onOMXFillBufferDone 25 time 4299687 us, flags = 0x00000000
01-12 10:42:43.798   701  3873 E C2DColorConvert: unknown format passed for luma alignment number
01-12 10:42:43.799  3419  3870 V ACodec  : [OMX.qcom.video.decoder.avc] onOMXFillBufferDone 28 time 4333687 us, flags = 0x00000000
01-12 10:42:43.806  3419  3419 V MainActivity: output will be saved as /sdcard/Pictures/output_127.yuv
01-12 10:42:43.813  3419  3870 V ACodec  : [OMX.qcom.video.decoder.avc] onOMXEmptyBufferDone 2
01-12 10:42:43.827  3419  3870 V ACodec  : [OMX.qcom.video.decoder.avc] calling fillBuffer 27
01-12 10:42:43.828  3419  3419 I @@@@    : read sample 133:0 @ 4466687 size 47325
01-12 10:42:43.828  3419  3870 V ACodec  : [OMX.qcom.video.decoder.avc] calling emptyBuffer 4 w/ time 4466687 us
01-12 10:42:43.829  3419  3419 D MainActivity: got frame, size 3133440/4299687/128/0
01-12 10:42:43.844  3419  3419 V MainActivity: output will be saved as /sdcard/Pictures/output_128.yuv
01-12 10:42:43.856   701  3873 E C2DColorConvert: unknown format passed for luma alignment number
01-12 10:42:43.857  3419  3870 V ACodec  : [OMX.qcom.video.decoder.avc] onOMXFillBufferDone 26 time 4366687 us, flags = 0x00000000
01-12 10:42:43.858  3419  3870 V ACodec  : [OMX.qcom.video.decoder.avc] onOMXEmptyBufferDone 3
01-12 10:42:43.863  3419  3870 V ACodec  : [OMX.qcom.video.decoder.avc] calling fillBuffer 25
01-12 10:42:43.867  3419  3419 I @@@@    : read sample 134:0 @ 4633687 size 151831
01-12 10:42:43.867  3419  3870 V ACodec  : [OMX.qcom.video.decoder.avc] calling emptyBuffer 1 w/ time 4633687 us
01-12 10:42:43.869  3419  3419 D MainActivity: got frame, size 3133440/4333687/129/0
01-12 10:42:43.883   701  3873 E C2DColorConvert: unknown format passed for luma alignment number
01-12 10:42:43.884  3419  3419 V MainActivity: output will be saved as /sdcard/Pictures/output_129.yuv
01-12 10:42:43.886  3419  3870 V ACodec  : [OMX.qcom.video.decoder.avc] onOMXFillBufferDone 27 time 4399687 us, flags = 0x00000000
01-12 10:42:43.886  3419  3870 V ACodec  : [OMX.qcom.video.decoder.avc] onOMXEmptyBufferDone 4
01-12 10:42:43.902  3419  3870 V ACodec  : [OMX.qcom.video.decoder.avc] calling fillBuffer 28
01-12 10:42:43.903  3419  3419 I @@@@    : read sample 135:0 @ 4566687 size 57605
01-12 10:42:43.904  3419  3870 V ACodec  : [OMX.qcom.video.decoder.avc] calling emptyBuffer 2 w/ time 4566687 us
01-12 10:42:43.904  3419  3419 D MainActivity: got frame, size 3133440/4366687/130/0
01-12 10:42:43.922  3419  3419 V MainActivity: output will be saved as /sdcard/Pictures/output_130.yuv
01-12 10:42:43.938  3419  3870 V ACodec  : [OMX.qcom.video.decoder.avc] onOMXEmptyBufferDone 1
01-12 10:42:43.939  3419  3870 V ACodec  : [OMX.qcom.video.decoder.avc] calling fillBuffer 26
01-12 10:42:43.940  3419  3419 I @@@@    : read sample 136:0 @ 4533687 size 47540
01-12 10:42:43.940  3419  3870 V ACodec  : [OMX.qcom.video.decoder.avc] calling emptyBuffer 3 w/ time 4533687 us
01-12 10:42:43.941  3419  3419 D MainActivity: got frame, size 3133440/4399687/131/0
01-12 10:42:43.941   701  3873 E C2DColorConvert: unknown format passed for luma alignment number
01-12 10:42:43.945  3419  3870 V ACodec  : [OMX.qcom.video.decoder.avc] onOMXFillBufferDone 23 time 4433687 us, flags = 0x00000000
01-12 10:42:43.945   701  3873 E C2DColorConvert: unknown format passed for luma alignment number
01-12 10:42:43.947  3419  3870 V ACodec  : [OMX.qcom.video.decoder.avc] onOMXFillBufferDone 25 time 4466687 us, flags = 0x00000000
01-12 10:42:43.959  3419  3419 V MainActivity: output will be saved as /sdcard/Pictures/output_131.yuv
01-12 10:42:43.970  3419  3870 V ACodec  : [OMX.qcom.video.decoder.avc] onOMXEmptyBufferDone 2
01-12 10:42:43.979  3419  3870 V ACodec  : [OMX.qcom.video.decoder.avc] calling fillBuffer 27
01-12 10:42:43.980  3419  3419 I @@@@    : read sample 137:0 @ 4599687 size 38905
01-12 10:42:43.980  3419  3870 V ACodec  : [OMX.qcom.video.decoder.avc] calling emptyBuffer 4 w/ time 4599687 us
01-12 10:42:43.980  3419  3419 D MainActivity: got frame, size 3133440/4433687/132/0
01-12 10:42:43.996  3419  3419 V MainActivity: output will be saved as /sdcard/Pictures/output_132.yuv
01-12 10:42:44.009   701  3873 E C2DColorConvert: unknown format passed for luma alignment number
01-12 10:42:44.012  3419  3870 V ACodec  : [OMX.qcom.video.decoder.avc] onOMXFillBufferDone 24 time 4499687 us, flags = 0x00000000
01-12 10:42:44.012  3419  3870 V ACodec  : [OMX.qcom.video.decoder.avc] onOMXEmptyBufferDone 3
01-12 10:42:44.018  3419  3870 V ACodec  : [OMX.qcom.video.decoder.avc] calling fillBuffer 23
01-12 10:42:44.019  3419  3419 I @@@@    : read sample 138:0 @ 4733687 size 116174
01-12 10:42:44.020  3419  3870 V ACodec  : [OMX.qcom.video.decoder.avc] calling emptyBuffer 1 w/ time 4733687 us
01-12 10:42:44.020  3419  3419 D MainActivity: got frame, size 3133440/4466687/133/0
01-12 10:42:44.035  3419  3419 V MainActivity: output will be saved as /sdcard/Pictures/output_133.yuv
01-12 10:42:44.055  3419  3870 V ACodec  : [OMX.qcom.video.decoder.avc] calling fillBuffer 25
01-12 10:42:44.056   701  3873 E C2DColorConvert: unknown format passed for luma alignment number
01-12 10:42:44.057  3419  3419 I @@@@    : read sample 139:0 @ 4666687 size 7671
01-12 10:42:44.057  3419  3870 V ACodec  : [OMX.qcom.video.decoder.avc] calling emptyBuffer 2 w/ time 4666687 us
01-12 10:42:44.058  3419  3870 V ACodec  : [OMX.qcom.video.decoder.avc] onOMXFillBufferDone 27 time 4533687 us, flags = 0x00000000
01-12 10:42:44.058  3419  3419 D MainActivity: got frame, size 3133440/4499687/134/0
01-12 10:42:44.059  3419  3870 V ACodec  : [OMX.qcom.video.decoder.avc] onOMXEmptyBufferDone 4
01-12 10:42:44.072  3419  3419 V MainActivity: output will be saved as /sdcard/Pictures/output_134.yuv
01-12 10:42:44.089  3419  3870 V ACodec  : [OMX.qcom.video.decoder.avc] calling fillBuffer 24
01-12 10:42:44.090  3419  3419 I @@@@    : read sample 140:0 @ 4699687 size 4640
01-12 10:42:44.091  3419  3870 V ACodec  : [OMX.qcom.video.decoder.avc] calling emptyBuffer 3 w/ time 4699687 us
01-12 10:42:44.091  3419  3419 D MainActivity: got frame, size 3133440/4533687/135/0
01-12 10:42:44.096   701  3873 E C2DColorConvert: unknown format passed for luma alignment number
01-12 10:42:44.098  3419  3870 V ACodec  : [OMX.qcom.video.decoder.avc] onOMXFillBufferDone 26 time 4566687 us, flags = 0x00000000
01-12 10:42:44.102   701  3873 E C2DColorConvert: unknown format passed for luma alignment number
01-12 10:42:44.103  3419  3870 V ACodec  : [OMX.qcom.video.decoder.avc] onOMXFillBufferDone 23 time 4599687 us, flags = 0x00000000
01-12 10:42:44.103  3419  3870 V ACodec  : [OMX.qcom.video.decoder.avc] onOMXEmptyBufferDone 1
01-12 10:42:44.109  3419  3419 V MainActivity: output will be saved as /sdcard/Pictures/output_135.yuv
01-12 10:42:44.124  3419  3870 V ACodec  : [OMX.qcom.video.decoder.avc] onOMXEmptyBufferDone 2
01-12 10:42:44.126  3419  3870 V ACodec  : [OMX.qcom.video.decoder.avc] calling fillBuffer 27
01-12 10:42:44.127  3419  3419 I @@@@    : read sample 141:0 @ 4833687 size 59252
01-12 10:42:44.128  3419  3870 V ACodec  : [OMX.qcom.video.decoder.avc] calling emptyBuffer 4 w/ time 4833687 us
01-12 10:42:44.128  3419  3419 D MainActivity: got frame, size 3133440/4566687/136/0
01-12 10:42:44.141  3419  3419 V MainActivity: output will be saved as /sdcard/Pictures/output_136.yuv
01-12 10:42:44.148  3419  3870 V ACodec  : [OMX.qcom.video.decoder.avc] onOMXEmptyBufferDone 3
01-12 10:42:44.151   701  3873 E C2DColorConvert: unknown format passed for luma alignment number
01-12 10:42:44.153  3419  3870 V ACodec  : [OMX.qcom.video.decoder.avc] onOMXFillBufferDone 28 time 4633687 us, flags = 0x00000000
01-12 10:42:44.158  3419  3870 V ACodec  : [OMX.qcom.video.decoder.avc] calling fillBuffer 26
01-12 10:42:44.160  3419  3419 I @@@@    : read sample 142:0 @ 4766687 size 6593
01-12 10:42:44.163  3419  3870 V ACodec  : [OMX.qcom.video.decoder.avc] calling emptyBuffer 1 w/ time 4766687 us
01-12 10:42:44.164  3419  3419 D MainActivity: got frame, size 3133440/4599687/137/0
01-12 10:42:44.182  3419  3419 V MainActivity: output will be saved as /sdcard/Pictures/output_137.yuv
01-12 10:42:44.188   701  3873 E C2DColorConvert: unknown format passed for luma alignment number
01-12 10:42:44.190  3419  3870 V ACodec  : [OMX.qcom.video.decoder.avc] onOMXFillBufferDone 24 time 4666687 us, flags = 0x00000000
01-12 10:42:44.191   701  3873 E C2DColorConvert: unknown format passed for luma alignment number
01-12 10:42:44.193  3419  3870 V ACodec  : [OMX.qcom.video.decoder.avc] onOMXFillBufferDone 27 time 4699687 us, flags = 0x00000000
01-12 10:42:44.193  3419  3870 V ACodec  : [OMX.qcom.video.decoder.avc] onOMXEmptyBufferDone 4
01-12 10:42:44.205  3419  3870 V ACodec  : [OMX.qcom.video.decoder.avc] calling fillBuffer 23
01-12 10:42:44.207  3419  3419 I @@@@    : read sample 143:0 @ 4799687 size 6444
01-12 10:42:44.207  3419  3870 V ACodec  : [OMX.qcom.video.decoder.avc] calling emptyBuffer 2 w/ time 4799687 us
01-12 10:42:44.208  3419  3419 D MainActivity: got frame, size 3133440/4633687/138/0
01-12 10:42:44.222  3419  3419 V MainActivity: output will be saved as /sdcard/Pictures/output_138.yuv
01-12 10:42:44.229  3419  3870 V ACodec  : [OMX.qcom.video.decoder.avc] onOMXEmptyBufferDone 1
01-12 10:42:44.239  3419  3870 V ACodec  : [OMX.qcom.video.decoder.avc] calling fillBuffer 28
01-12 10:42:44.242  3419  3419 I @@@@    : read sample 144:0 @ 4933687 size 52072
01-12 10:42:44.243  3419  3870 V ACodec  : [OMX.qcom.video.decoder.avc] calling emptyBuffer 3 w/ time 4933687 us
01-12 10:42:44.244  3419  3419 D MainActivity: got frame, size 3133440/4666687/139/0
01-12 10:42:44.261  3419  3419 V MainActivity: output will be saved as /sdcard/Pictures/output_139.yuv
01-12 10:42:44.263  3419  3870 V ACodec  : [OMX.qcom.video.decoder.avc] onOMXEmptyBufferDone 2
01-12 10:42:44.271   701  3873 E C2DColorConvert: unknown format passed for luma alignment number
01-12 10:42:44.272  3419  3870 V ACodec  : [OMX.qcom.video.decoder.avc] onOMXFillBufferDone 25 time 4733687 us, flags = 0x00000000
01-12 10:42:44.282  3419  3870 V ACodec  : [OMX.qcom.video.decoder.avc] calling fillBuffer 24
01-12 10:42:44.283  3419  3419 I @@@@    : read sample 145:0 @ 4866687 size 9312
01-12 10:42:44.284  3419  3870 V ACodec  : [OMX.qcom.video.decoder.avc] calling emptyBuffer 4 w/ time 4866687 us
01-12 10:42:44.284  3419  3419 D MainActivity: got frame, size 3133440/4699687/140/0
01-12 10:42:44.300  3419  3419 V MainActivity: output will be saved as /sdcard/Pictures/output_140.yuv
01-12 10:42:44.308   701  3873 E C2DColorConvert: unknown format passed for luma alignment number
01-12 10:42:44.310  3419  3870 V ACodec  : [OMX.qcom.video.decoder.avc] onOMXFillBufferDone 23 time 4766687 us, flags = 0x00000000
01-12 10:42:44.313   701  3873 E C2DColorConvert: unknown format passed for luma alignment number
01-12 10:42:44.314  3419  3870 V ACodec  : [OMX.qcom.video.decoder.avc] onOMXFillBufferDone 28 time 4799687 us, flags = 0x00000000
01-12 10:42:44.314  3419  3870 V ACodec  : [OMX.qcom.video.decoder.avc] onOMXEmptyBufferDone 3
01-12 10:42:44.318  3419  3870 V ACodec  : [OMX.qcom.video.decoder.avc] calling fillBuffer 27
01-12 10:42:44.318  3419  3419 I @@@@    : read sample 146:0 @ 4899687 size 8553
01-12 10:42:44.319  3419  3870 V ACodec  : [OMX.qcom.video.decoder.avc] calling emptyBuffer 1 w/ time 4899687 us
01-12 10:42:44.320  3419  3419 D MainActivity: got frame, size 3133440/4733687/141/0
01-12 10:42:44.333  3419  3419 V MainActivity: output will be saved as /sdcard/Pictures/output_141.yuv
01-12 10:42:44.340  3419  3870 V ACodec  : [OMX.qcom.video.decoder.avc] onOMXEmptyBufferDone 4
01-12 10:42:44.351  3419  3870 V ACodec  : [OMX.qcom.video.decoder.avc] calling fillBuffer 25
01-12 10:42:44.352  3419  3419 I @@@@    : read sample 147:0 @ 5033687 size 31385
01-12 10:42:44.352  3419  3870 V ACodec  : [OMX.qcom.video.decoder.avc] calling emptyBuffer 2 w/ time 5033687 us
01-12 10:42:44.355  3419  3419 D MainActivity: got frame, size 3133440/4766687/142/0
01-12 10:42:44.370  3419  3419 V MainActivity: output will be saved as /sdcard/Pictures/output_142.yuv
01-12 10:42:44.380   701  3873 E C2DColorConvert: unknown format passed for luma alignment number
01-12 10:42:44.383  3419  3870 V ACodec  : [OMX.qcom.video.decoder.avc] onOMXFillBufferDone 26 time 4833687 us, flags = 0x00000000
01-12 10:42:44.383  3419  3870 V ACodec  : [OMX.qcom.video.decoder.avc] onOMXEmptyBufferDone 1
01-12 10:42:44.391  3419  3870 V ACodec  : [OMX.qcom.video.decoder.avc] calling fillBuffer 23
01-12 10:42:44.392  3419  3419 I @@@@    : read sample 148:0 @ 4966687 size 12665
01-12 10:42:44.393  3419  3870 V ACodec  : [OMX.qcom.video.decoder.avc] calling emptyBuffer 3 w/ time 4966687 us
01-12 10:42:44.394  3419  3419 D MainActivity: got frame, size 3133440/4799687/143/0
01-12 10:42:44.408  3419  3419 V MainActivity: output will be saved as /sdcard/Pictures/output_143.yuv
01-12 10:42:44.418   701  3873 E C2DColorConvert: unknown format passed for luma alignment number
01-12 10:42:44.422  3419  3870 V ACodec  : [OMX.qcom.video.decoder.avc] onOMXFillBufferDone 27 time 4866687 us, flags = 0x00000000
01-12 10:42:44.423   701  3873 E C2DColorConvert: unknown format passed for luma alignment number
01-12 10:42:44.426  3419  3870 V ACodec  : [OMX.qcom.video.decoder.avc] onOMXFillBufferDone 25 time 4899687 us, flags = 0x00000000
01-12 10:42:44.426  3419  3870 V ACodec  : [OMX.qcom.video.decoder.avc] calling fillBuffer 28
01-12 10:42:44.427  3419  3870 V ACodec  : [OMX.qcom.video.decoder.avc] onOMXEmptyBufferDone 2
01-12 10:42:44.428  3419  3419 I @@@@    : read sample 149:0 @ 4999687 size 11744
01-12 10:42:44.429  3419  3870 V ACodec  : [OMX.qcom.video.decoder.avc] calling emptyBuffer 4 w/ time 4999687 us
01-12 10:42:44.431  3419  3419 D MainActivity: got frame, size 3133440/4833687/144/0
01-12 10:42:44.444  3419  3419 V MainActivity: output will be saved as /sdcard/Pictures/output_144.yuv
01-12 10:42:44.450  3419  3870 V ACodec  : [OMX.qcom.video.decoder.avc] onOMXEmptyBufferDone 3
01-12 10:42:44.464  3419  3870 V ACodec  : [OMX.qcom.video.decoder.avc] calling fillBuffer 26
01-12 10:42:44.465  3419  3419 I @@@@    : read sample 150:-1 @ -1 size -1
01-12 10:42:44.465  3419  3419 D MainActivity: saw input EOS.
01-12 10:42:44.465  3419  3870 V ACodec  : [OMX.qcom.video.decoder.avc] calling emptyBuffer 1 w/ EOS
01-12 10:42:44.466  3419  3870 V ACodec  : [OMX.qcom.video.decoder.avc] Signalled EOS (-1011) on the input port
01-12 10:42:44.466  3419  3419 D MainActivity: got frame, size 3133440/4866687/145/0
01-12 10:42:44.481  3419  3419 V MainActivity: output will be saved as /sdcard/Pictures/output_145.yuv
01-12 10:42:44.491   701  3873 E C2DColorConvert: unknown format passed for luma alignment number
01-12 10:42:44.493  3419  3870 V ACodec  : [OMX.qcom.video.decoder.avc] onOMXFillBufferDone 24 time 4933687 us, flags = 0x00000000
01-12 10:42:44.493  3419  3870 V ACodec  : [OMX.qcom.video.decoder.avc] onOMXEmptyBufferDone 4
01-12 10:42:44.499  3419  3870 V ACodec  : [OMX.qcom.video.decoder.avc] calling fillBuffer 27
01-12 10:42:44.499  3419  3419 D MainActivity: got frame, size 3133440/4899687/146/0
01-12 10:42:44.505   701  3873 E C2DColorConvert: unknown format passed for luma alignment number
01-12 10:42:44.509  3419  3870 V ACodec  : [OMX.qcom.video.decoder.avc] onOMXFillBufferDone 28 time 4966687 us, flags = 0x00000000
01-12 10:42:44.510   701  3873 E C2DColorConvert: unknown format passed for luma alignment number
01-12 10:42:44.514  3419  3870 V ACodec  : [OMX.qcom.video.decoder.avc] onOMXFillBufferDone 26 time 4999687 us, flags = 0x00000000
01-12 10:42:44.515   701  3873 E C2DColorConvert: unknown format passed for luma alignment number
01-12 10:42:44.516  3419  3419 V MainActivity: output will be saved as /sdcard/Pictures/output_146.yuv
01-12 10:42:44.517  3419  3870 V ACodec  : [OMX.qcom.video.decoder.avc] onOMXFillBufferDone 23 time 5033687 us, flags = 0x00000000
01-12 10:42:44.517  3419  3870 V ACodec  : [OMX.qcom.video.decoder.avc] onOMXFillBufferDone 27 time 0 us, flags = 0x00000001
01-12 10:42:44.517  3419  3870 V ACodec  : [OMX.qcom.video.decoder.avc] saw output EOS
01-12 10:42:44.517  3419  3870 V ACodec  : [OMX.qcom.video.decoder.avc] onOMXEmptyBufferDone 1
01-12 10:42:44.534  3419  3419 D MainActivity: got frame, size 3133440/4933687/147/0
01-12 10:42:44.548  3419  3419 V MainActivity: output will be saved as /sdcard/Pictures/output_147.yuv
01-12 10:42:44.565  3419  3419 D MainActivity: got frame, size 3133440/4966687/148/0
01-12 10:42:44.579  3419  3419 V MainActivity: output will be saved as /sdcard/Pictures/output_148.yuv
01-12 10:42:44.596  3419  3419 D MainActivity: got frame, size 3133440/4999687/149/0
01-12 10:42:44.610  3419  3419 V MainActivity: output will be saved as /sdcard/Pictures/output_149.yuv
01-12 10:42:44.629  3419  3419 D MainActivity: got frame, size 3133440/5033687/150/0
01-12 10:42:44.646  3419  3419 V MainActivity: output will be saved as /sdcard/Pictures/output_150.yuv
01-12 10:42:44.664  3419  3419 D MainActivity: saw output EOS.
01-12 10:42:44.665  3419  3870 V ACodec  : [OMX.qcom.video.decoder.avc] Now Executing->Idle
01-12 10:42:44.725  3419  3870 V ACodec  : [OMX.qcom.video.decoder.avc] Now Idle->Loaded
01-12 10:42:44.725  3419  3870 V ACodec  : [OMX.qcom.video.decoder.avc] Now Loaded
01-12 10:42:44.727   701   701 I OMX-VDEC-1080P: omx_vdec::component_deinit() complete
01-12 10:42:44.735   701   701 I OMX-VDEC-1080P: Exit OMX vdec Destructor: fd=9
01-12 10:42:44.736   701   701 I OMX-VDEC-1080P: Video slvp perflock released
01-12 10:42:44.737  3419  3870 V ACodec  : Now uninitialized
01-12 10:42:44.776  3419  3419 I Choreographer: Skipped 374 frames!  The application may be doing too much work on its main thread.
